Archive member included to satisfy reference by file (symbol)

C:/ST/STM32CubeIDE_1.10.1/STM32CubeIDE/plugins/com.st.stm32cube.ide.mcu.externaltools.gnu-tools-for-stm32.11.3.rel1.win32_1.1.100.202309141235/tools/bin/../lib/gcc/arm-none-eabi/11.3.1/../../../../arm-none-eabi/lib/thumb/v7e-m+fp/hard\libc_nano.a(libc_a-exit.o)
                              C:/ST/STM32CubeIDE_1.10.1/STM32CubeIDE/plugins/com.st.stm32cube.ide.mcu.externaltools.gnu-tools-for-stm32.11.3.rel1.win32_1.1.100.202309141235/tools/bin/../lib/gcc/arm-none-eabi/11.3.1/../../../../arm-none-eabi/lib/thumb/v7e-m+fp/hard/crt0.o (exit)
C:/ST/STM32CubeIDE_1.10.1/STM32CubeIDE/plugins/com.st.stm32cube.ide.mcu.externaltools.gnu-tools-for-stm32.11.3.rel1.win32_1.1.100.202309141235/tools/bin/../lib/gcc/arm-none-eabi/11.3.1/../../../../arm-none-eabi/lib/thumb/v7e-m+fp/hard\libc_nano.a(libc_a-malloc.o)
                              ./Middlewares/USB_Host_Library/usbh_cdc.o (malloc)
C:/ST/STM32CubeIDE_1.10.1/STM32CubeIDE/plugins/com.st.stm32cube.ide.mcu.externaltools.gnu-tools-for-stm32.11.3.rel1.win32_1.1.100.202309141235/tools/bin/../lib/gcc/arm-none-eabi/11.3.1/../../../../arm-none-eabi/lib/thumb/v7e-m+fp/hard\libc_nano.a(libc_a-mallocr.o)
                              C:/ST/STM32CubeIDE_1.10.1/STM32CubeIDE/plugins/com.st.stm32cube.ide.mcu.externaltools.gnu-tools-for-stm32.11.3.rel1.win32_1.1.100.202309141235/tools/bin/../lib/gcc/arm-none-eabi/11.3.1/../../../../arm-none-eabi/lib/thumb/v7e-m+fp/hard\libc_nano.a(libc_a-malloc.o) (_malloc_r)
C:/ST/STM32CubeIDE_1.10.1/STM32CubeIDE/plugins/com.st.stm32cube.ide.mcu.externaltools.gnu-tools-for-stm32.11.3.rel1.win32_1.1.100.202309141235/tools/bin/../lib/gcc/arm-none-eabi/11.3.1/../../../../arm-none-eabi/lib/thumb/v7e-m+fp/hard\libc_nano.a(libc_a-mlock.o)
                              C:/ST/STM32CubeIDE_1.10.1/STM32CubeIDE/plugins/com.st.stm32cube.ide.mcu.externaltools.gnu-tools-for-stm32.11.3.rel1.win32_1.1.100.202309141235/tools/bin/../lib/gcc/arm-none-eabi/11.3.1/../../../../arm-none-eabi/lib/thumb/v7e-m+fp/hard\libc_nano.a(libc_a-mallocr.o) (__malloc_lock)
C:/ST/STM32CubeIDE_1.10.1/STM32CubeIDE/plugins/com.st.stm32cube.ide.mcu.externaltools.gnu-tools-for-stm32.11.3.rel1.win32_1.1.100.202309141235/tools/bin/../lib/gcc/arm-none-eabi/11.3.1/../../../../arm-none-eabi/lib/thumb/v7e-m+fp/hard\libc_nano.a(libc_a-findfp.o)
                              C:/ST/STM32CubeIDE_1.10.1/STM32CubeIDE/plugins/com.st.stm32cube.ide.mcu.externaltools.gnu-tools-for-stm32.11.3.rel1.win32_1.1.100.202309141235/tools/bin/../lib/gcc/arm-none-eabi/11.3.1/../../../../arm-none-eabi/lib/thumb/v7e-m+fp/hard\libc_nano.a(libc_a-exit.o) (__stdio_exit_handler)
C:/ST/STM32CubeIDE_1.10.1/STM32CubeIDE/plugins/com.st.stm32cube.ide.mcu.externaltools.gnu-tools-for-stm32.11.3.rel1.win32_1.1.100.202309141235/tools/bin/../lib/gcc/arm-none-eabi/11.3.1/../../../../arm-none-eabi/lib/thumb/v7e-m+fp/hard\libc_nano.a(libc_a-fwalk.o)
                              C:/ST/STM32CubeIDE_1.10.1/STM32CubeIDE/plugins/com.st.stm32cube.ide.mcu.externaltools.gnu-tools-for-stm32.11.3.rel1.win32_1.1.100.202309141235/tools/bin/../lib/gcc/arm-none-eabi/11.3.1/../../../../arm-none-eabi/lib/thumb/v7e-m+fp/hard\libc_nano.a(libc_a-findfp.o) (_fwalk_sglue)
C:/ST/STM32CubeIDE_1.10.1/STM32CubeIDE/plugins/com.st.stm32cube.ide.mcu.externaltools.gnu-tools-for-stm32.11.3.rel1.win32_1.1.100.202309141235/tools/bin/../lib/gcc/arm-none-eabi/11.3.1/../../../../arm-none-eabi/lib/thumb/v7e-m+fp/hard\libc_nano.a(libc_a-stdio.o)
                              C:/ST/STM32CubeIDE_1.10.1/STM32CubeIDE/plugins/com.st.stm32cube.ide.mcu.externaltools.gnu-tools-for-stm32.11.3.rel1.win32_1.1.100.202309141235/tools/bin/../lib/gcc/arm-none-eabi/11.3.1/../../../../arm-none-eabi/lib/thumb/v7e-m+fp/hard\libc_nano.a(libc_a-findfp.o) (__sread)
C:/ST/STM32CubeIDE_1.10.1/STM32CubeIDE/plugins/com.st.stm32cube.ide.mcu.externaltools.gnu-tools-for-stm32.11.3.rel1.win32_1.1.100.202309141235/tools/bin/../lib/gcc/arm-none-eabi/11.3.1/../../../../arm-none-eabi/lib/thumb/v7e-m+fp/hard\libc_nano.a(libc_a-memset.o)
                              C:/ST/STM32CubeIDE_1.10.1/STM32CubeIDE/plugins/com.st.stm32cube.ide.mcu.externaltools.gnu-tools-for-stm32.11.3.rel1.win32_1.1.100.202309141235/tools/bin/../lib/gcc/arm-none-eabi/11.3.1/../../../../arm-none-eabi/lib/thumb/v7e-m+fp/hard/crt0.o (memset)
C:/ST/STM32CubeIDE_1.10.1/STM32CubeIDE/plugins/com.st.stm32cube.ide.mcu.externaltools.gnu-tools-for-stm32.11.3.rel1.win32_1.1.100.202309141235/tools/bin/../lib/gcc/arm-none-eabi/11.3.1/../../../../arm-none-eabi/lib/thumb/v7e-m+fp/hard\libc_nano.a(libc_a-closer.o)
                              C:/ST/STM32CubeIDE_1.10.1/STM32CubeIDE/plugins/com.st.stm32cube.ide.mcu.externaltools.gnu-tools-for-stm32.11.3.rel1.win32_1.1.100.202309141235/tools/bin/../lib/gcc/arm-none-eabi/11.3.1/../../../../arm-none-eabi/lib/thumb/v7e-m+fp/hard\libc_nano.a(libc_a-stdio.o) (_close_r)
[...]
Memory Configuration

Name             Origin             Length             Attributes
CCMRAM           0x0000000010000000 0x0000000000010000 xrw
RAM              0x0000000020000000 0x0000000000030000 xrw
FLASH            0x0000000008000000 0x0000000000200000 xr
*default*        0x0000000000000000 0xffffffffffffffff

Linker script and memory map

LOAD C:/ST/STM32CubeIDE_1.10.1/STM32CubeIDE/plugins/com.st.stm32cube.ide.mcu.externaltools.gnu-tools-for-stm32.11.3.rel1.win32_1.1.100.202309141235/tools/bin/../lib/gcc/arm-none-eabi/11.3.1/thumb/v7e-m+fp/hard/crti.o
LOAD C:/ST/STM32CubeIDE_1.10.1/STM32CubeIDE/plugins/com.st.stm32cube.ide.mcu.externaltools.gnu-tools-for-stm32.11.3.rel1.win32_1.1.100.202309141235/tools/bin/../lib/gcc/arm-none-eabi/11.3.1/thumb/v7e-m+fp/hard/crtbegin.o
LOAD C:/ST/STM32CubeIDE_1.10.1/STM32CubeIDE/plugins/com.st.stm32cube.ide.mcu.externaltools.gnu-tools-for-stm32.11.3.rel1.win32_1.1.100.202309141235/tools/bin/../lib/gcc/arm-none-eabi/11.3.1/../../../../arm-none-eabi/lib/thumb/v7e-m+fp/hard/crt0.o
LOAD ./Core/Src/freertos.o
LOAD ./Core/Src/main.o
LOAD ./Core/Src/stm32f4xx_hal_msp.o
LOAD ./Core/Src/stm32f4xx_hal_timebase_tim.o
LOAD ./Core/Src/stm32f4xx_it.o
LOAD ./Core/Src/syscalls.o
LOAD ./Core/Src/sysmem.o
LOAD ./Core/Src/system_stm32f4xx.o
LOAD ./Core/Startup/startup_stm32f429zitx.o
LOAD ./Drivers/STM32F4xx_HAL_Driver/stm32f4xx_hal.o
LOAD ./Drivers/STM32F4xx_HAL_Driver/stm32f4xx_hal_adc.o
LOAD ./Drivers/STM32F4xx_HAL_Driver/stm32f4xx_hal_adc_ex.o
LOAD ./Drivers/STM32F4xx_HAL_Driver/stm32f4xx_hal_cortex.o
LOAD ./Drivers/STM32F4xx_HAL_Driver/stm32f4xx_hal_crc.o
LOAD ./Drivers/STM32F4xx_HAL_Driver/stm32f4xx_hal_dma.o
LOAD ./Drivers/STM32F4xx_HAL_Driver/stm32f4xx_hal_dma2d.o
LOAD ./Drivers/STM32F4xx_HAL_Driver/stm32f4xx_hal_dma_ex.o
LOAD ./Drivers/STM32F4xx_HAL_Driver/stm32f4xx_hal_dsi.o
LOAD ./Drivers/STM32F4xx_HAL_Driver/stm32f4xx_hal_exti.o
LOAD ./Drivers/STM32F4xx_HAL_Driver/stm32f4xx_hal_flash.o
LOAD ./Drivers/STM32F4xx_HAL_Driver/stm32f4xx_hal_flash_ex.o
LOAD ./Drivers/STM32F4xx_HAL_Driver/stm32f4xx_hal_flash_ramfunc.o
LOAD ./Drivers/STM32F4xx_HAL_Driver/stm32f4xx_hal_gpio.o
LOAD ./Drivers/STM32F4xx_HAL_Driver/stm32f4xx_hal_hcd.o
LOAD ./Drivers/STM32F4xx_HAL_Driver/stm32f4xx_hal_i2c.o
LOAD ./Drivers/STM32F4xx_HAL_Driver/stm32f4xx_hal_i2c_ex.o
LOAD ./Drivers/STM32F4xx_HAL_Driver/stm32f4xx_hal_ltdc.o
LOAD ./Drivers/STM32F4xx_HAL_Driver/stm32f4xx_hal_ltdc_ex.o
LOAD ./Drivers/STM32F4xx_HAL_Driver/stm32f4xx_hal_pwr.o
LOAD ./Drivers/STM32F4xx_HAL_Driver/stm32f4xx_hal_pwr_ex.o
LOAD ./Drivers/STM32F4xx_HAL_Driver/stm32f4xx_hal_rcc.o
LOAD ./Drivers/STM32F4xx_HAL_Driver/stm32f4xx_hal_rcc_ex.o
LOAD ./Drivers/STM32F4xx_HAL_Driver/stm32f4xx_hal_sdram.o
LOAD ./Drivers/STM32F4xx_HAL_Driver/stm32f4xx_hal_spi.o
LOAD ./Drivers/STM32F4xx_HAL_Driver/stm32f4xx_hal_tim.o
LOAD ./Drivers/STM32F4xx_HAL_Driver/stm32f4xx_hal_tim_ex.o
LOAD ./Drivers/STM32F4xx_HAL_Driver/stm32f4xx_hal_uart.o
LOAD ./Drivers/STM32F4xx_HAL_Driver/stm32f4xx_ll_adc.o
LOAD ./Drivers/STM32F4xx_HAL_Driver/stm32f4xx_ll_fmc.o
LOAD ./Drivers/STM32F4xx_HAL_Driver/stm32f4xx_ll_usb.o
LOAD ./Middlewares/FreeRTOS/cmsis_os2.o
LOAD ./Middlewares/FreeRTOS/croutine.o
LOAD ./Middlewares/FreeRTOS/event_groups.o
LOAD ./Middlewares/FreeRTOS/heap_4.o
LOAD ./Middlewares/FreeRTOS/list.o
LOAD ./Middlewares/FreeRTOS/port.o
LOAD ./Middlewares/FreeRTOS/queue.o
LOAD ./Middlewares/FreeRTOS/stream_buffer.o
LOAD ./Middlewares/FreeRTOS/tasks.o
LOAD ./Middlewares/FreeRTOS/timers.o
LOAD ./Middlewares/USB_Host_Library/usbh_cdc.o
LOAD ./Middlewares/USB_Host_Library/usbh_core.o
LOAD ./Middlewares/USB_Host_Library/usbh_ctlreq.o
LOAD ./Middlewares/USB_Host_Library/usbh_ioreq.o
LOAD ./Middlewares/USB_Host_Library/usbh_pipes.o
LOAD ./USB_HOST/App/usb_host.o
LOAD ./USB_HOST/Target/usbh_conf.o
LOAD ./USB_HOST/Target/usbh_platform.o
START GROUP
LOAD C:/ST/STM32CubeIDE_1.10.1/STM32CubeIDE/plugins/com.st.stm32cube.ide.mcu.externaltools.gnu-tools-for-stm32.11.3.rel1.win32_1.1.100.202309141235/tools/bin/../lib/gcc/arm-none-eabi/11.3.1/../../../../arm-none-eabi/lib/thumb/v7e-m+fp/hard\libc_nano.a
LOAD C:/ST/STM32CubeIDE_1.10.1/STM32CubeIDE/plugins/com.st.stm32cube.ide.mcu.externaltools.gnu-tools-for-stm32.11.3.rel1.win32_1.1.100.202309141235/tools/bin/../lib/gcc/arm-none-eabi/11.3.1/../../../../arm-none-eabi/lib/thumb/v7e-m+fp/hard\libm.a
END GROUP
START GROUP
LOAD C:/ST/STM32CubeIDE_1.10.1/STM32CubeIDE/plugins/com.st.stm32cube.ide.mcu.externaltools.gnu-tools-for-stm32.11.3.rel1.win32_1.1.100.202309141235/tools/bin/../lib/gcc/arm-none-eabi/11.3.1/thumb/v7e-m+fp/hard\libgcc.a
LOAD C:/ST/STM32CubeIDE_1.10.1/STM32CubeIDE/plugins/com.st.stm32cube.ide.mcu.externaltools.gnu-tools-for-stm32.11.3.rel1.win32_1.1.100.202309141235/tools/bin/../lib/gcc/arm-none-eabi/11.3.1/../../../../arm-none-eabi/lib/thumb/v7e-m+fp/hard\libc_nano.a
END GROUP
START GROUP
LOAD C:/ST/STM32CubeIDE_1.10.1/STM32CubeIDE/plugins/com.st.stm32cube.ide.mcu.externaltools.gnu-tools-for-stm32.11.3.rel1.win32_1.1.100.202309141235/tools/bin/../lib/gcc/arm-none-eabi/11.3.1/thumb/v7e-m+fp/hard\libgcc.a
LOAD C:/ST/STM32CubeIDE_1.10.1/STM32CubeIDE/plugins/com.st.stm32cube.ide.mcu.externaltools.gnu-tools-for-stm32.11.3.rel1.win32_1.1.100.202309141235/tools/bin/../lib/gcc/arm-none-eabi/11.3.1/../../../../arm-none-eabi/lib/thumb/v7e-m+fp/hard\libc_nano.a
LOAD C:/ST/STM32CubeIDE_1.10.1/STM32CubeIDE/plugins/com.st.stm32cube.ide.mcu.externaltools.gnu-tools-for-stm32.11.3.rel1.win32_1.1.100.202309141235/tools/bin/../lib/gcc/arm-none-eabi/11.3.1/../../../../arm-none-eabi/lib/thumb/v7e-m+fp/hard\libnosys.a
END GROUP
START GROUP
LOAD C:/ST/STM32CubeIDE_1.10.1/STM32CubeIDE/plugins/com.st.stm32cube.ide.mcu.externaltools.gnu-tools-for-stm32.11.3.rel1.win32_1.1.100.202309141235/tools/bin/../lib/gcc/arm-none-eabi/11.3.1/thumb/v7e-m+fp/hard\libgcc.a
LOAD C:/ST/STM32CubeIDE_1.10.1/STM32CubeIDE/plugins/com.st.stm32cube.ide.mcu.externaltools.gnu-tools-for-stm32.11.3.rel1.win32_1.1.100.202309141235/tools/bin/../lib/gcc/arm-none-eabi/11.3.1/../../../../arm-none-eabi/lib/thumb/v7e-m+fp/hard\libc_nano.a
LOAD C:/ST/STM32CubeIDE_1.10.1/STM32CubeIDE/plugins/com.st.stm32cube.ide.mcu.externaltools.gnu-tools-for-stm32.11.3.rel1.win32_1.1.100.202309141235/tools/bin/../lib/gcc/arm-none-eabi/11.3.1/../../../../arm-none-eabi/lib/thumb/v7e-m+fp/hard\libnosys.a
END GROUP
LOAD C:/ST/STM32CubeIDE_1.10.1/STM32CubeIDE/plugins/com.st.stm32cube.ide.mcu.externaltools.gnu-tools-for-stm32.11.3.rel1.win32_1.1.100.202309141235/tools/bin/../lib/gcc/arm-none-eabi/11.3.1/thumb/v7e-m+fp/hard/crtend.o
LOAD C:/ST/STM32CubeIDE_1.10.1/STM32CubeIDE/plugins/com.st.stm32cube.ide.mcu.externaltools.gnu-tools-for-stm32.11.3.rel1.win32_1.1.100.202309141235/tools/bin/../lib/gcc/arm-none-eabi/11.3.1/thumb/v7e-m+fp/hard/crtn.o
                0x0000000020030000                _estack = (ORIGIN (RAM) + LENGTH (RAM))
                0x0000000000000200                _Min_Heap_Size = 0x200
                0x0000000000000400                _Min_Stack_Size = 0x400

.isr_vector     0x0000000008000000      0x1ac
                0x0000000008000000                . = ALIGN (0x4)
 *(.isr_vector)
 .isr_vector    0x0000000008000000      0x1ac ./Core/Startup/startup_stm32f429zitx.o
                0x0000000008000000                g_pfnVectors
                0x00000000080001ac                . = ALIGN (0x4)

.text           0x00000000080001b0     0xea1c
                0x00000000080001b0                . = ALIGN (0x4)
 *(.text)
 .text          0x00000000080001b0       0x40 C:/ST/STM32CubeIDE_1.10.1/STM32CubeIDE/plugins/com.st.stm32cube.ide.mcu.externaltools.gnu-tools-for-stm32.11.3.rel1.win32_1.1.100.202309141235/tools/bin/../lib/gcc/arm-none-eabi/11.3.1/thumb/v7e-m+fp/hard/crtbegin.o
 .text          0x00000000080001f0       0x30 C:/ST/STM32CubeIDE_1.10.1/STM32CubeIDE/plugins/com.st.stm32cube.ide.mcu.externaltools.gnu-tools-for-stm32.11.3.rel1.win32_1.1.100.202309141235/tools/bin/../lib/gcc/arm-none-eabi/11.3.1/thumb/v7e-m+fp/hard\libgcc.a(_aeabi_uldivmod.o)
                0x00000000080001f0                __aeabi_uldivmod
 .text          0x0000000008000220      0x2c8 C:/ST/STM32CubeIDE_1.10.1/STM32CubeIDE/plugins/com.st.stm32cube.ide.mcu.externaltools.gnu-tools-for-stm32.11.3.rel1.win32_1.1.100.202309141235/tools/bin/../lib/gcc/arm-none-eabi/11.3.1/thumb/v7e-m+fp/hard\libgcc.a(_udivmoddi4.o)
                0x0000000008000220                __udivmoddi4
 .text          0x00000000080004e8        0x4 C:/ST/STM32CubeIDE_1.10.1/STM32CubeIDE/plugins/com.st.stm32cube.ide.mcu.externaltools.gnu-tools-for-stm32.11.3.rel1.win32_1.1.100.202309141235/tools/bin/../lib/gcc/arm-none-eabi/11.3.1/thumb/v7e-m+fp/hard\libgcc.a(_dvmd_tls.o)
                0x00000000080004e8                __aeabi_idiv0
                0x00000000080004e8                __aeabi_ldiv0
 *(.text*)
 .text.main     0x00000000080004ec       0x78 ./Core/Src/main.o
                0x00000000080004ec                main
 .text.SystemClock_Config
                0x0000000008000564       0xd4 ./Core/Src/main.o
                0x0000000008000564                SystemClock_Config
 .text.MX_ADC1_Init
                0x0000000008000638       0xa4 ./Core/Src/main.o
 .text.MX_CRC_Init
                0x00000000080006dc       0x28 ./Core/Src/main.o
 .text.MX_DMA2D_Init
                0x0000000008000704       0x64 ./Core/Src/main.o
 .text.MX_I2C3_Init
                0x0000000008000768       0x80 ./Core/Src/main.o
 .text.MX_LTDC_Init
                0x00000000080007e8      0x100 ./Core/Src/main.o
 .text.MX_SPI5_Init
                0x00000000080008e8       0x6c ./Core/Src/main.o
 .text.MX_TIM1_Init
                0x0000000008000954       0xa0 ./Core/Src/main.o
 .text.MX_USART1_UART_Init
                0x00000000080009f4       0x54 ./Core/Src/main.o
 .text.MX_FMC_Init
                0x0000000008000a48       0xa0 ./Core/Src/main.o
 .text.MX_GPIO_Init
                0x0000000008000ae8      0x248 ./Core/Src/main.o
 .text.StartDefaultTask
                0x0000000008000d30       0x14 ./Core/Src/main.o
                0x0000000008000d30                StartDefaultTask
 .text.ftareaPantalla
                0x0000000008000d44       0x10 ./Core/Src/main.o
                0x0000000008000d44                ftareaPantalla
 .text.HAL_TIM_PeriodElapsedCallback
                0x0000000008000d54       0x24 ./Core/Src/main.o
                0x0000000008000d54                HAL_TIM_PeriodElapsedCallback
 .text.Error_Handler
                0x0000000008000d78        0xa ./Core/Src/main.o
                0x0000000008000d78                Error_Handler
 *fill*         0x0000000008000d82        0x2 
 .text.HAL_MspInit
                0x0000000008000d84       0x58 ./Core/Src/stm32f4xx_hal_msp.o
                0x0000000008000d84                HAL_MspInit
 .text.HAL_ADC_MspInit
                0x0000000008000ddc       0x88 ./Core/Src/stm32f4xx_hal_msp.o
                0x0000000008000ddc                HAL_ADC_MspInit
 .text.HAL_CRC_MspInit
                0x0000000008000e64       0x44 ./Core/Src/stm32f4xx_hal_msp.o
                0x0000000008000e64                HAL_CRC_MspInit
 .text.HAL_DMA2D_MspInit
                0x0000000008000ea8       0x50 ./Core/Src/stm32f4xx_hal_msp.o
                0x0000000008000ea8                HAL_DMA2D_MspInit
 .text.HAL_I2C_MspInit
                0x0000000008000ef8       0xd4 ./Core/Src/stm32f4xx_hal_msp.o
                0x0000000008000ef8                HAL_I2C_MspInit
 .text.HAL_LTDC_MspInit
                0x0000000008000fcc      0x260 ./Core/Src/stm32f4xx_hal_msp.o
                0x0000000008000fcc                HAL_LTDC_MspInit
 .text.HAL_SPI_MspInit
                0x000000000800122c       0x90 ./Core/Src/stm32f4xx_hal_msp.o
                0x000000000800122c                HAL_SPI_MspInit
 .text.HAL_TIM_Base_MspInit
                0x00000000080012bc       0x44 ./Core/Src/stm32f4xx_hal_msp.o
                0x00000000080012bc                HAL_TIM_Base_MspInit
 .text.HAL_UART_MspInit
                0x0000000008001300       0xa0 ./Core/Src/stm32f4xx_hal_msp.o
                0x0000000008001300                HAL_UART_MspInit
 .text.HAL_FMC_MspInit
                0x00000000080013a0      0x124 ./Core/Src/stm32f4xx_hal_msp.o
 .text.HAL_SDRAM_MspInit
                0x00000000080014c4       0x14 ./Core/Src/stm32f4xx_hal_msp.o
                0x00000000080014c4                HAL_SDRAM_MspInit
 .text.HAL_InitTick
                0x00000000080014d8       0xf8 ./Core/Src/stm32f4xx_hal_timebase_tim.o
                0x00000000080014d8                HAL_InitTick
 .text.NMI_Handler
                0x00000000080015d0        0x6 ./Core/Src/stm32f4xx_it.o
                0x00000000080015d0                NMI_Handler
 .text.HardFault_Handler
                0x00000000080015d6        0x6 ./Core/Src/stm32f4xx_it.o
                0x00000000080015d6                HardFault_Handler
 .text.MemManage_Handler
                0x00000000080015dc        0x6 ./Core/Src/stm32f4xx_it.o
                0x00000000080015dc                MemManage_Handler
 .text.BusFault_Handler
                0x00000000080015e2        0x6 ./Core/Src/stm32f4xx_it.o
                0x00000000080015e2                BusFault_Handler
 .text.UsageFault_Handler
                0x00000000080015e8        0x6 ./Core/Src/stm32f4xx_it.o
                0x00000000080015e8                UsageFault_Handler
 .text.DebugMon_Handler
                0x00000000080015ee        0xe ./Core/Src/stm32f4xx_it.o
                0x00000000080015ee                DebugMon_Handler
 .text.USART1_IRQHandler
                0x00000000080015fc       0x14 ./Core/Src/stm32f4xx_it.o
                0x00000000080015fc                USART1_IRQHandler
 .text.TIM6_DAC_IRQHandler
                0x0000000008001610       0x14 ./Core/Src/stm32f4xx_it.o
                0x0000000008001610                TIM6_DAC_IRQHandler
 .text.OTG_HS_IRQHandler
                0x0000000008001624       0x14 ./Core/Src/stm32f4xx_it.o
                0x0000000008001624                OTG_HS_IRQHandler
 .text.LTDC_IRQHandler
                0x0000000008001638       0x14 ./Core/Src/stm32f4xx_it.o
                0x0000000008001638                LTDC_IRQHandler
 .text.DMA2D_IRQHandler
                0x000000000800164c       0x14 ./Core/Src/stm32f4xx_it.o
                0x000000000800164c                DMA2D_IRQHandler
 .text._sbrk    0x0000000008001660       0x6c ./Core/Src/sysmem.o
                0x0000000008001660                _sbrk
 .text.SystemInit
                0x00000000080016cc       0x24 ./Core/Src/system_stm32f4xx.o
                0x00000000080016cc                SystemInit
 .text.Reset_Handler
                0x00000000080016f0       0x50 ./Core/Startup/startup_stm32f429zitx.o
                0x00000000080016f0                Reset_Handler
 .text.Default_Handler
                0x0000000008001740        0x2 ./Core/Startup/startup_stm32f429zitx.o
                0x0000000008001740                RTC_Alarm_IRQHandler
                0x0000000008001740                HASH_RNG_IRQHandler
                0x0000000008001740                EXTI2_IRQHandler
                0x0000000008001740                TIM8_CC_IRQHandler
                0x0000000008001740                UART8_IRQHandler
                0x0000000008001740                SPI4_IRQHandler
                0x0000000008001740                TIM1_CC_IRQHandler
                0x0000000008001740                DMA2_Stream5_IRQHandler
                0x0000000008001740                DMA1_Stream5_IRQHandler
                0x0000000008001740                PVD_IRQHandler
                0x0000000008001740                SDIO_IRQHandler
                0x0000000008001740                TAMP_STAMP_IRQHandler
                0x0000000008001740                CAN2_RX1_IRQHandler
                0x0000000008001740                EXTI3_IRQHandler
                0x0000000008001740                TIM8_TRG_COM_TIM14_IRQHandler
                0x0000000008001740                TIM1_UP_TIM10_IRQHandler
                0x0000000008001740                TIM8_UP_TIM13_IRQHandler
                0x0000000008001740                I2C3_ER_IRQHandler
                0x0000000008001740                EXTI0_IRQHandler
                0x0000000008001740                I2C2_EV_IRQHandler
                0x0000000008001740                DMA1_Stream2_IRQHandler
                0x0000000008001740                CAN1_RX0_IRQHandler
                0x0000000008001740                FPU_IRQHandler
                0x0000000008001740                OTG_HS_WKUP_IRQHandler
                0x0000000008001740                LTDC_ER_IRQHandler
                0x0000000008001740                CAN2_SCE_IRQHandler
                0x0000000008001740                DMA2_Stream2_IRQHandler
                0x0000000008001740                SPI1_IRQHandler
                0x0000000008001740                TIM1_BRK_TIM9_IRQHandler
                0x0000000008001740                DCMI_IRQHandler
                0x0000000008001740                CAN2_RX0_IRQHandler
                0x0000000008001740                DMA2_Stream3_IRQHandler
                0x0000000008001740                USART6_IRQHandler
                0x0000000008001740                USART3_IRQHandler
                0x0000000008001740                CAN1_RX1_IRQHandler
                0x0000000008001740                UART5_IRQHandler
                0x0000000008001740                DMA2_Stream0_IRQHandler
                0x0000000008001740                TIM4_IRQHandler
                0x0000000008001740                I2C1_EV_IRQHandler
                0x0000000008001740                DMA1_Stream6_IRQHandler
                0x0000000008001740                DMA1_Stream1_IRQHandler
                0x0000000008001740                UART4_IRQHandler
                0x0000000008001740                TIM3_IRQHandler
                0x0000000008001740                RCC_IRQHandler
                0x0000000008001740                TIM8_BRK_TIM12_IRQHandler
                0x0000000008001740                Default_Handler
                0x0000000008001740                EXTI15_10_IRQHandler
                0x0000000008001740                ADC_IRQHandler
                0x0000000008001740                DMA1_Stream7_IRQHandler
                0x0000000008001740                SPI5_IRQHandler
                0x0000000008001740                TIM7_IRQHandler
                0x0000000008001740                CAN2_TX_IRQHandler
                0x0000000008001740                TIM5_IRQHandler
                0x0000000008001740                DMA2_Stream7_IRQHandler
                0x0000000008001740                I2C3_EV_IRQHandler
                0x0000000008001740                EXTI9_5_IRQHandler
                0x0000000008001740                RTC_WKUP_IRQHandler
                0x0000000008001740                ETH_WKUP_IRQHandler
                0x0000000008001740                SPI2_IRQHandler
                0x0000000008001740                OTG_HS_EP1_IN_IRQHandler
                0x0000000008001740                DMA1_Stream0_IRQHandler
                0x0000000008001740                CAN1_TX_IRQHandler
                0x0000000008001740                EXTI4_IRQHandler
                0x0000000008001740                ETH_IRQHandler
                0x0000000008001740                OTG_HS_EP1_OUT_IRQHandler
                0x0000000008001740                WWDG_IRQHandler
                0x0000000008001740                SPI6_IRQHandler
                0x0000000008001740                TIM2_IRQHandler
                0x0000000008001740                OTG_FS_WKUP_IRQHandler
                0x0000000008001740                TIM1_TRG_COM_TIM11_IRQHandler
                0x0000000008001740                EXTI1_IRQHandler
                0x0000000008001740                UART7_IRQHandler
                0x0000000008001740                USART2_IRQHandler
                0x0000000008001740                I2C2_ER_IRQHandler
                0x0000000008001740                DMA2_Stream1_IRQHandler
                0x0000000008001740                CAN1_SCE_IRQHandler
                0x0000000008001740                FLASH_IRQHandler
                0x0000000008001740                DMA2_Stream4_IRQHandler
                0x0000000008001740                OTG_FS_IRQHandler
                0x0000000008001740                SPI3_IRQHandler
                0x0000000008001740                DMA1_Stream4_IRQHandler
                0x0000000008001740                I2C1_ER_IRQHandler
                0x0000000008001740                FMC_IRQHandler
                0x0000000008001740                DMA2_Stream6_IRQHandler
                0x0000000008001740                SAI1_IRQHandler
                0x0000000008001740                DMA1_Stream3_IRQHandler
 *fill*         0x0000000008001742        0x2 
 .text.HAL_Init
                0x0000000008001744       0x44 ./Drivers/STM32F4xx_HAL_Driver/stm32f4xx_hal.o
                0x0000000008001744                HAL_Init
 .text.HAL_IncTick
                0x0000000008001788       0x28 ./Drivers/STM32F4xx_HAL_Driver/stm32f4xx_hal.o
                0x0000000008001788                HAL_IncTick
 .text.HAL_GetTick
                0x00000000080017b0       0x18 ./Drivers/STM32F4xx_HAL_Driver/stm32f4xx_hal.o
                0x00000000080017b0                HAL_GetTick
 .text.HAL_Delay
                0x00000000080017c8       0x48 ./Drivers/STM32F4xx_HAL_Driver/stm32f4xx_hal.o
                0x00000000080017c8                HAL_Delay
 .text.HAL_ADC_Init
                0x0000000008001810       0x86 ./Drivers/STM32F4xx_HAL_Driver/stm32f4xx_hal_adc.o
                0x0000000008001810                HAL_ADC_Init
 *fill*         0x0000000008001896        0x2 
 .text.HAL_ADC_ConfigChannel
                0x0000000008001898      0x264 ./Drivers/STM32F4xx_HAL_Driver/stm32f4xx_hal_adc.o
                0x0000000008001898                HAL_ADC_ConfigChannel
 .text.ADC_Init
                0x0000000008001afc      0x1f8 ./Drivers/STM32F4xx_HAL_Driver/stm32f4xx_hal_adc.o
 .text.__NVIC_SetPriorityGrouping
                0x0000000008001cf4       0x48 ./Drivers/STM32F4xx_HAL_Driver/stm32f4xx_hal_cortex.o
 .text.__NVIC_GetPriorityGrouping
                0x0000000008001d3c       0x1c ./Drivers/STM32F4xx_HAL_Driver/stm32f4xx_hal_cortex.o
 .text.__NVIC_EnableIRQ
                0x0000000008001d58       0x3c ./Drivers/STM32F4xx_HAL_Driver/stm32f4xx_hal_cortex.o
 .text.__NVIC_SetPriority
                0x0000000008001d94       0x54 ./Drivers/STM32F4xx_HAL_Driver/stm32f4xx_hal_cortex.o
 .text.NVIC_EncodePriority
                0x0000000008001de8       0x66 ./Drivers/STM32F4xx_HAL_Driver/stm32f4xx_hal_cortex.o
 .text.HAL_NVIC_SetPriorityGrouping
                0x0000000008001e4e       0x16 ./Drivers/STM32F4xx_HAL_Driver/stm32f4xx_hal_cortex.o
                0x0000000008001e4e                HAL_NVIC_SetPriorityGrouping
 .text.HAL_NVIC_SetPriority
                0x0000000008001e64       0x38 ./Drivers/STM32F4xx_HAL_Driver/stm32f4xx_hal_cortex.o
                0x0000000008001e64                HAL_NVIC_SetPriority
 .text.HAL_NVIC_EnableIRQ
                0x0000000008001e9c       0x1c ./Drivers/STM32F4xx_HAL_Driver/stm32f4xx_hal_cortex.o
                0x0000000008001e9c                HAL_NVIC_EnableIRQ
 .text.HAL_CRC_Init
                0x0000000008001eb8       0x38 ./Drivers/STM32F4xx_HAL_Driver/stm32f4xx_hal_crc.o
                0x0000000008001eb8                HAL_CRC_Init
 .text.HAL_DMA_Abort
                0x0000000008001ef0       0xe0 ./Drivers/STM32F4xx_HAL_Driver/stm32f4xx_hal_dma.o
                0x0000000008001ef0                HAL_DMA_Abort
 .text.HAL_DMA_Abort_IT
                0x0000000008001fd0       0x44 ./Drivers/STM32F4xx_HAL_Driver/stm32f4xx_hal_dma.o
                0x0000000008001fd0                HAL_DMA_Abort_IT
 .text.HAL_DMA2D_Init
                0x0000000008002014       0x92 ./Drivers/STM32F4xx_HAL_Driver/stm32f4xx_hal_dma2d.o
                0x0000000008002014                HAL_DMA2D_Init
 .text.HAL_DMA2D_IRQHandler
                0x00000000080020a6      0x1f8 ./Drivers/STM32F4xx_HAL_Driver/stm32f4xx_hal_dma2d.o
                0x00000000080020a6                HAL_DMA2D_IRQHandler
 .text.HAL_DMA2D_LineEventCallback
                0x000000000800229e       0x14 ./Drivers/STM32F4xx_HAL_Driver/stm32f4xx_hal_dma2d.o
                0x000000000800229e                HAL_DMA2D_LineEventCallback
 .text.HAL_DMA2D_CLUTLoadingCpltCallback
                0x00000000080022b2       0x14 ./Drivers/STM32F4xx_HAL_Driver/stm32f4xx_hal_dma2d.o
                0x00000000080022b2                HAL_DMA2D_CLUTLoadingCpltCallback
 *fill*         0x00000000080022c6        0x2 
 .text.HAL_DMA2D_ConfigLayer
                0x00000000080022c8      0x124 ./Drivers/STM32F4xx_HAL_Driver/stm32f4xx_hal_dma2d.o
                0x00000000080022c8                HAL_DMA2D_ConfigLayer
 .text.HAL_GPIO_Init
                0x00000000080023ec      0x358 ./Drivers/STM32F4xx_HAL_Driver/stm32f4xx_hal_gpio.o
                0x00000000080023ec                HAL_GPIO_Init
 .text.HAL_GPIO_WritePin
                0x0000000008002744       0x32 ./Drivers/STM32F4xx_HAL_Driver/stm32f4xx_hal_gpio.o
                0x0000000008002744                HAL_GPIO_WritePin
 .text.HAL_HCD_Init
                0x0000000008002776       0xce ./Drivers/STM32F4xx_HAL_Driver/stm32f4xx_hal_hcd.o
                0x0000000008002776                HAL_HCD_Init
 .text.HAL_HCD_HC_Init
                0x0000000008002844      0x170 ./Drivers/STM32F4xx_HAL_Driver/stm32f4xx_hal_hcd.o
                0x0000000008002844                HAL_HCD_HC_Init
 .text.HAL_HCD_HC_Halt
                0x00000000080029b4       0x46 ./Drivers/STM32F4xx_HAL_Driver/stm32f4xx_hal_hcd.o
                0x00000000080029b4                HAL_HCD_HC_Halt
 *fill*         0x00000000080029fa        0x2 
 .text.HAL_HCD_HC_SubmitRequest
                0x00000000080029fc      0x33c ./Drivers/STM32F4xx_HAL_Driver/stm32f4xx_hal_hcd.o
                0x00000000080029fc                HAL_HCD_HC_SubmitRequest
 .text.HAL_HCD_IRQHandler
                0x0000000008002d38      0x220 ./Drivers/STM32F4xx_HAL_Driver/stm32f4xx_hal_hcd.o
                0x0000000008002d38                HAL_HCD_IRQHandler
 .text.HAL_HCD_Start
                0x0000000008002f58       0x46 ./Drivers/STM32F4xx_HAL_Driver/stm32f4xx_hal_hcd.o
                0x0000000008002f58                HAL_HCD_Start
 .text.HAL_HCD_Stop
                0x0000000008002f9e       0x3a ./Drivers/STM32F4xx_HAL_Driver/stm32f4xx_hal_hcd.o
                0x0000000008002f9e                HAL_HCD_Stop
 .text.HAL_HCD_ResetPort
                0x0000000008002fd8       0x1c ./Drivers/STM32F4xx_HAL_Driver/stm32f4xx_hal_hcd.o
                0x0000000008002fd8                HAL_HCD_ResetPort
 .text.HAL_HCD_HC_GetURBState
                0x0000000008002ff4       0x2a ./Drivers/STM32F4xx_HAL_Driver/stm32f4xx_hal_hcd.o
                0x0000000008002ff4                HAL_HCD_HC_GetURBState
 .text.HAL_HCD_HC_GetXferCount
                0x000000000800301e       0x2a ./Drivers/STM32F4xx_HAL_Driver/stm32f4xx_hal_hcd.o
                0x000000000800301e                HAL_HCD_HC_GetXferCount
 .text.HAL_HCD_GetCurrentFrame
                0x0000000008003048       0x1c ./Drivers/STM32F4xx_HAL_Driver/stm32f4xx_hal_hcd.o
                0x0000000008003048                HAL_HCD_GetCurrentFrame
 .text.HAL_HCD_GetCurrentSpeed
                0x0000000008003064       0x1c ./Drivers/STM32F4xx_HAL_Driver/stm32f4xx_hal_hcd.o
                0x0000000008003064                HAL_HCD_GetCurrentSpeed
 .text.HAL_HCD_HC_ClearHubInfo
                0x0000000008003080       0x6a ./Drivers/STM32F4xx_HAL_Driver/stm32f4xx_hal_hcd.o
                0x0000000008003080                HAL_HCD_HC_ClearHubInfo
 .text.HCD_HC_IN_IRQHandler
                0x00000000080030ea      0xcd2 ./Drivers/STM32F4xx_HAL_Driver/stm32f4xx_hal_hcd.o
 .text.HCD_HC_OUT_IRQHandler
                0x0000000008003dbc      0x94a ./Drivers/STM32F4xx_HAL_Driver/stm32f4xx_hal_hcd.o
 .text.HCD_RXQLVL_IRQHandler
                0x0000000008004706      0x1be ./Drivers/STM32F4xx_HAL_Driver/stm32f4xx_hal_hcd.o
 .text.HCD_Port_IRQHandler
                0x00000000080048c4       0xe6 ./Drivers/STM32F4xx_HAL_Driver/stm32f4xx_hal_hcd.o
 *fill*         0x00000000080049aa        0x2 
 .text.HAL_I2C_Init
                0x00000000080049ac      0x288 ./Drivers/STM32F4xx_HAL_Driver/stm32f4xx_hal_i2c.o
                0x00000000080049ac                HAL_I2C_Init
 .text.HAL_I2CEx_ConfigAnalogFilter
                0x0000000008004c34       0x78 ./Drivers/STM32F4xx_HAL_Driver/stm32f4xx_hal_i2c_ex.o
                0x0000000008004c34                HAL_I2CEx_ConfigAnalogFilter
 .text.HAL_I2CEx_ConfigDigitalFilter
                0x0000000008004cac       0x7e ./Drivers/STM32F4xx_HAL_Driver/stm32f4xx_hal_i2c_ex.o
                0x0000000008004cac                HAL_I2CEx_ConfigDigitalFilter
 *fill*         0x0000000008004d2a        0x2 
 .text.HAL_LTDC_Init
                0x0000000008004d2c      0x1a0 ./Drivers/STM32F4xx_HAL_Driver/stm32f4xx_hal_ltdc.o
                0x0000000008004d2c                HAL_LTDC_Init
 .text.HAL_LTDC_IRQHandler
                0x0000000008004ecc      0x148 ./Drivers/STM32F4xx_HAL_Driver/stm32f4xx_hal_ltdc.o
                0x0000000008004ecc                HAL_LTDC_IRQHandler
 .text.HAL_LTDC_ErrorCallback
                0x0000000008005014       0x14 ./Drivers/STM32F4xx_HAL_Driver/stm32f4xx_hal_ltdc.o
                0x0000000008005014                HAL_LTDC_ErrorCallback
 .text.HAL_LTDC_LineEventCallback
                0x0000000008005028       0x14 ./Drivers/STM32F4xx_HAL_Driver/stm32f4xx_hal_ltdc.o
                0x0000000008005028                HAL_LTDC_LineEventCallback
 .text.HAL_LTDC_ReloadEventCallback
                0x000000000800503c       0x14 ./Drivers/STM32F4xx_HAL_Driver/stm32f4xx_hal_ltdc.o
                0x000000000800503c                HAL_LTDC_ReloadEventCallback
 .text.HAL_LTDC_ConfigLayer
                0x0000000008005050       0x7c ./Drivers/STM32F4xx_HAL_Driver/stm32f4xx_hal_ltdc.o
                0x0000000008005050                HAL_LTDC_ConfigLayer
 .text.LTDC_SetConfig
                0x00000000080050cc      0x32e ./Drivers/STM32F4xx_HAL_Driver/stm32f4xx_hal_ltdc.o
 *fill*         0x00000000080053fa        0x2 
 .text.HAL_RCC_OscConfig
                0x00000000080053fc      0x4f0 ./Drivers/STM32F4xx_HAL_Driver/stm32f4xx_hal_rcc.o
                0x00000000080053fc                HAL_RCC_OscConfig
 .text.HAL_RCC_ClockConfig
                0x00000000080058ec      0x1cc ./Drivers/STM32F4xx_HAL_Driver/stm32f4xx_hal_rcc.o
                0x00000000080058ec                HAL_RCC_ClockConfig
 .text.HAL_RCC_GetSysClockFreq
                0x0000000008005ab8      0x20c ./Drivers/STM32F4xx_HAL_Driver/stm32f4xx_hal_rcc.o
                0x0000000008005ab8                HAL_RCC_GetSysClockFreq
 .text.HAL_RCC_GetHCLKFreq
                0x0000000008005cc4       0x18 ./Drivers/STM32F4xx_HAL_Driver/stm32f4xx_hal_rcc.o
                0x0000000008005cc4                HAL_RCC_GetHCLKFreq
 .text.HAL_RCC_GetPCLK1Freq
                0x0000000008005cdc       0x28 ./Drivers/STM32F4xx_HAL_Driver/stm32f4xx_hal_rcc.o
                0x0000000008005cdc                HAL_RCC_GetPCLK1Freq
 .text.HAL_RCC_GetPCLK2Freq
                0x0000000008005d04       0x28 ./Drivers/STM32F4xx_HAL_Driver/stm32f4xx_hal_rcc.o
                0x0000000008005d04                HAL_RCC_GetPCLK2Freq
 .text.HAL_RCC_GetClockConfig
                0x0000000008005d2c       0x64 ./Drivers/STM32F4xx_HAL_Driver/stm32f4xx_hal_rcc.o
                0x0000000008005d2c                HAL_RCC_GetClockConfig
 .text.HAL_RCCEx_PeriphCLKConfig
                0x0000000008005d90      0x380 ./Drivers/STM32F4xx_HAL_Driver/stm32f4xx_hal_rcc_ex.o
                0x0000000008005d90                HAL_RCCEx_PeriphCLKConfig
 .text.HAL_SDRAM_Init
                0x0000000008006110       0x68 ./Drivers/STM32F4xx_HAL_Driver/stm32f4xx_hal_sdram.o
                0x0000000008006110                HAL_SDRAM_Init
 .text.HAL_SPI_Init
                0x0000000008006178      0x112 ./Drivers/STM32F4xx_HAL_Driver/stm32f4xx_hal_spi.o
                0x0000000008006178                HAL_SPI_Init
 .text.HAL_TIM_Base_Init
                0x000000000800628a       0x9e ./Drivers/STM32F4xx_HAL_Driver/stm32f4xx_hal_tim.o
                0x000000000800628a                HAL_TIM_Base_Init
 .text.HAL_TIM_Base_Start_IT
                0x0000000008006328       0xe0 ./Drivers/STM32F4xx_HAL_Driver/stm32f4xx_hal_tim.o
                0x0000000008006328                HAL_TIM_Base_Start_IT
 .text.HAL_TIM_IRQHandler
                0x0000000008006408      0x1e0 ./Drivers/STM32F4xx_HAL_Driver/stm32f4xx_hal_tim.o
                0x0000000008006408                HAL_TIM_IRQHandler
 .text.HAL_TIM_ConfigClockSource
                0x00000000080065e8      0x18e ./Drivers/STM32F4xx_HAL_Driver/stm32f4xx_hal_tim.o
                0x00000000080065e8                HAL_TIM_ConfigClockSource
 .text.HAL_TIM_OC_DelayElapsedCallback
                0x0000000008006776       0x14 ./Drivers/STM32F4xx_HAL_Driver/stm32f4xx_hal_tim.o
                0x0000000008006776                HAL_TIM_OC_DelayElapsedCallback
 .text.HAL_TIM_IC_CaptureCallback
                0x000000000800678a       0x14 ./Drivers/STM32F4xx_HAL_Driver/stm32f4xx_hal_tim.o
                0x000000000800678a                HAL_TIM_IC_CaptureCallback
 .text.HAL_TIM_PWM_PulseFinishedCallback
                0x000000000800679e       0x14 ./Drivers/STM32F4xx_HAL_Driver/stm32f4xx_hal_tim.o
                0x000000000800679e                HAL_TIM_PWM_PulseFinishedCallback
 .text.HAL_TIM_TriggerCallback
                0x00000000080067b2       0x14 ./Drivers/STM32F4xx_HAL_Driver/stm32f4xx_hal_tim.o
                0x00000000080067b2                HAL_TIM_TriggerCallback
 *fill*         0x00000000080067c6        0x2 
 .text.TIM_Base_SetConfig
                0x00000000080067c8      0x158 ./Drivers/STM32F4xx_HAL_Driver/stm32f4xx_hal_tim.o
                0x00000000080067c8                TIM_Base_SetConfig
 .text.TIM_TI1_ConfigInputStage
                0x0000000008006920       0x5e ./Drivers/STM32F4xx_HAL_Driver/stm32f4xx_hal_tim.o
 .text.TIM_TI2_ConfigInputStage
                0x000000000800697e       0x60 ./Drivers/STM32F4xx_HAL_Driver/stm32f4xx_hal_tim.o
 .text.TIM_ITRx_SetConfig
                0x00000000080069de       0x36 ./Drivers/STM32F4xx_HAL_Driver/stm32f4xx_hal_tim.o
 .text.TIM_ETR_SetConfig
                0x0000000008006a14       0x40 ./Drivers/STM32F4xx_HAL_Driver/stm32f4xx_hal_tim.o
                0x0000000008006a14                TIM_ETR_SetConfig
 .text.HAL_TIMEx_MasterConfigSynchronization
                0x0000000008006a54       0xf8 ./Drivers/STM32F4xx_HAL_Driver/stm32f4xx_hal_tim_ex.o
                0x0000000008006a54                HAL_TIMEx_MasterConfigSynchronization
 .text.HAL_TIMEx_CommutCallback
                0x0000000008006b4c       0x14 ./Drivers/STM32F4xx_HAL_Driver/stm32f4xx_hal_tim_ex.o
                0x0000000008006b4c                HAL_TIMEx_CommutCallback
 .text.HAL_TIMEx_BreakCallback
                0x0000000008006b60       0x14 ./Drivers/STM32F4xx_HAL_Driver/stm32f4xx_hal_tim_ex.o
                0x0000000008006b60                HAL_TIMEx_BreakCallback
 .text.HAL_UART_Init
                0x0000000008006b74       0xa0 ./Drivers/STM32F4xx_HAL_Driver/stm32f4xx_hal_uart.o
                0x0000000008006b74                HAL_UART_Init
 .text.HAL_UART_IRQHandler
                0x0000000008006c14      0x524 ./Drivers/STM32F4xx_HAL_Driver/stm32f4xx_hal_uart.o
                0x0000000008006c14                HAL_UART_IRQHandler
 .text.HAL_UART_TxCpltCallback
                0x0000000008007138       0x14 ./Drivers/STM32F4xx_HAL_Driver/stm32f4xx_hal_uart.o
                0x0000000008007138                HAL_UART_TxCpltCallback
 .text.HAL_UART_RxCpltCallback
                0x000000000800714c       0x14 ./Drivers/STM32F4xx_HAL_Driver/stm32f4xx_hal_uart.o
                0x000000000800714c                HAL_UART_RxCpltCallback
 .text.HAL_UART_ErrorCallback
                0x0000000008007160       0x14 ./Drivers/STM32F4xx_HAL_Driver/stm32f4xx_hal_uart.o
                0x0000000008007160                HAL_UART_ErrorCallback
 .text.HAL_UARTEx_RxEventCallback
                0x0000000008007174       0x18 ./Drivers/STM32F4xx_HAL_Driver/stm32f4xx_hal_uart.o
                0x0000000008007174                HAL_UARTEx_RxEventCallback
 .text.UART_EndRxTransfer
                0x000000000800718c       0xc6 ./Drivers/STM32F4xx_HAL_Driver/stm32f4xx_hal_uart.o
 .text.UART_DMAAbortOnError
                0x0000000008007252       0x28 ./Drivers/STM32F4xx_HAL_Driver/stm32f4xx_hal_uart.o
 .text.UART_Transmit_IT
                0x000000000800727a       0xa0 ./Drivers/STM32F4xx_HAL_Driver/stm32f4xx_hal_uart.o
 .text.UART_EndTransmit_IT
                0x000000000800731a       0x30 ./Drivers/STM32F4xx_HAL_Driver/stm32f4xx_hal_uart.o
 .text.UART_Receive_IT
                0x000000000800734a      0x17c ./Drivers/STM32F4xx_HAL_Driver/stm32f4xx_hal_uart.o
 *fill*         0x00000000080074c6        0x2 
 .text.UART_SetConfig
                0x00000000080074c8      0x4e8 ./Drivers/STM32F4xx_HAL_Driver/stm32f4xx_hal_uart.o
 .text.FMC_SDRAM_Init
                0x00000000080079b0       0xba ./Drivers/STM32F4xx_HAL_Driver/stm32f4xx_ll_fmc.o
                0x00000000080079b0                FMC_SDRAM_Init
 .text.FMC_SDRAM_Timing_Init
                0x0000000008007a6a       0xd2 ./Drivers/STM32F4xx_HAL_Driver/stm32f4xx_ll_fmc.o
                0x0000000008007a6a                FMC_SDRAM_Timing_Init
 .text.USB_CoreInit
                0x0000000008007b3c       0xc8 ./Drivers/STM32F4xx_HAL_Driver/stm32f4xx_ll_usb.o
                0x0000000008007b3c                USB_CoreInit
 .text.USB_EnableGlobalInt
                0x0000000008007c04       0x22 ./Drivers/STM32F4xx_HAL_Driver/stm32f4xx_ll_usb.o
                0x0000000008007c04                USB_EnableGlobalInt
 .text.USB_DisableGlobalInt
                0x0000000008007c26       0x22 ./Drivers/STM32F4xx_HAL_Driver/stm32f4xx_ll_usb.o
                0x0000000008007c26                USB_DisableGlobalInt
 .text.USB_SetCurrentMode
                0x0000000008007c48       0x98 ./Drivers/STM32F4xx_HAL_Driver/stm32f4xx_ll_usb.o
                0x0000000008007c48                USB_SetCurrentMode
 .text.USB_FlushTxFifo
                0x0000000008007ce0       0x64 ./Drivers/STM32F4xx_HAL_Driver/stm32f4xx_ll_usb.o
                0x0000000008007ce0                USB_FlushTxFifo
 .text.USB_FlushRxFifo
                0x0000000008007d44       0x5c ./Drivers/STM32F4xx_HAL_Driver/stm32f4xx_ll_usb.o
                0x0000000008007d44                USB_FlushRxFifo
 .text.USB_WritePacket
                0x0000000008007da0       0x7c ./Drivers/STM32F4xx_HAL_Driver/stm32f4xx_ll_usb.o
                0x0000000008007da0                USB_WritePacket
 .text.USB_ReadPacket
                0x0000000008007e1c       0xb0 ./Drivers/STM32F4xx_HAL_Driver/stm32f4xx_ll_usb.o
                0x0000000008007e1c                USB_ReadPacket
 .text.USB_ReadInterrupts
                0x0000000008007ecc       0x26 ./Drivers/STM32F4xx_HAL_Driver/stm32f4xx_ll_usb.o
                0x0000000008007ecc                USB_ReadInterrupts
 .text.USB_ReadChInterrupts
                0x0000000008007ef2       0x42 ./Drivers/STM32F4xx_HAL_Driver/stm32f4xx_ll_usb.o
                0x0000000008007ef2                USB_ReadChInterrupts
 .text.USB_GetMode
                0x0000000008007f34       0x1c ./Drivers/STM32F4xx_HAL_Driver/stm32f4xx_ll_usb.o
                0x0000000008007f34                USB_GetMode
 .text.USB_CoreReset
                0x0000000008007f50       0x62 ./Drivers/STM32F4xx_HAL_Driver/stm32f4xx_ll_usb.o
 *fill*         0x0000000008007fb2        0x2 
 .text.USB_HostInit
                0x0000000008007fb4      0x188 ./Drivers/STM32F4xx_HAL_Driver/stm32f4xx_ll_usb.o
                0x0000000008007fb4                USB_HostInit
 .text.USB_InitFSLSPClkSel
                0x000000000800813c       0x7a ./Drivers/STM32F4xx_HAL_Driver/stm32f4xx_ll_usb.o
                0x000000000800813c                USB_InitFSLSPClkSel
 .text.USB_ResetPort
                0x00000000080081b6       0x54 ./Drivers/STM32F4xx_HAL_Driver/stm32f4xx_ll_usb.o
                0x00000000080081b6                USB_ResetPort
 .text.USB_DriveVbus
                0x000000000800820a       0x72 ./Drivers/STM32F4xx_HAL_Driver/stm32f4xx_ll_usb.o
                0x000000000800820a                USB_DriveVbus
 .text.USB_GetHostSpeed
                0x000000000800827c       0x2e ./Drivers/STM32F4xx_HAL_Driver/stm32f4xx_ll_usb.o
                0x000000000800827c                USB_GetHostSpeed
 .text.USB_GetCurrentFrame
                0x00000000080082aa       0x22 ./Drivers/STM32F4xx_HAL_Driver/stm32f4xx_ll_usb.o
                0x00000000080082aa                USB_GetCurrentFrame
 .text.USB_HC_Init
                0x00000000080082cc      0x258 ./Drivers/STM32F4xx_HAL_Driver/stm32f4xx_ll_usb.o
                0x00000000080082cc                USB_HC_Init
 .text.USB_HC_StartXfer
                0x0000000008008524      0x4f4 ./Drivers/STM32F4xx_HAL_Driver/stm32f4xx_ll_usb.o
                0x0000000008008524                USB_HC_StartXfer
 .text.USB_HC_ReadInterrupt
                0x0000000008008a18       0x22 ./Drivers/STM32F4xx_HAL_Driver/stm32f4xx_ll_usb.o
                0x0000000008008a18                USB_HC_ReadInterrupt
 .text.USB_HC_Halt
                0x0000000008008a3a      0x240 ./Drivers/STM32F4xx_HAL_Driver/stm32f4xx_ll_usb.o
                0x0000000008008a3a                USB_HC_Halt
 *fill*         0x0000000008008c7a        0x2 
 .text.USB_DoPing
                0x0000000008008c7c       0x78 ./Drivers/STM32F4xx_HAL_Driver/stm32f4xx_ll_usb.o
                0x0000000008008c7c                USB_DoPing
 .text.USB_StopHost
                0x0000000008008cf4      0x124 ./Drivers/STM32F4xx_HAL_Driver/stm32f4xx_ll_usb.o
                0x0000000008008cf4                USB_StopHost
 .text.__NVIC_SetPriority
                0x0000000008008e18       0x54 ./Middlewares/FreeRTOS/cmsis_os2.o
 .text.SysTick_Handler
                0x0000000008008e6c       0x20 ./Middlewares/FreeRTOS/cmsis_os2.o
                0x0000000008008e6c                SysTick_Handler
 .text.SVC_Setup
                0x0000000008008e8c       0x12 ./Middlewares/FreeRTOS/cmsis_os2.o
 *fill*         0x0000000008008e9e        0x2 
 .text.osKernelInitialize
                0x0000000008008ea0       0x48 ./Middlewares/FreeRTOS/cmsis_os2.o
                0x0000000008008ea0                osKernelInitialize
 .text.osKernelStart
                0x0000000008008ee8       0x4c ./Middlewares/FreeRTOS/cmsis_os2.o
                0x0000000008008ee8                osKernelStart
 .text.osThreadNew
                0x0000000008008f34      0x124 ./Middlewares/FreeRTOS/cmsis_os2.o
                0x0000000008008f34                osThreadNew
 .text.osDelay  0x0000000008009058       0x36 ./Middlewares/FreeRTOS/cmsis_os2.o
                0x0000000008009058                osDelay
 .text.osMessageQueueNew
                0x000000000800908e       0xe6 ./Middlewares/FreeRTOS/cmsis_os2.o
                0x000000000800908e                osMessageQueueNew
 .text.osMessageQueuePut
                0x0000000008009174       0xc0 ./Middlewares/FreeRTOS/cmsis_os2.o
                0x0000000008009174                osMessageQueuePut
 .text.osMessageQueueGet
                0x0000000008009234       0xbc ./Middlewares/FreeRTOS/cmsis_os2.o
                0x0000000008009234                osMessageQueueGet
 .text.vApplicationGetIdleTaskMemory
                0x00000000080092f0       0x34 ./Middlewares/FreeRTOS/cmsis_os2.o
                0x00000000080092f0                vApplicationGetIdleTaskMemory
 .text.vApplicationGetTimerTaskMemory
                0x0000000008009324       0x34 ./Middlewares/FreeRTOS/cmsis_os2.o
                0x0000000008009324                vApplicationGetTimerTaskMemory
 .text.pvPortMalloc
                0x0000000008009358      0x198 ./Middlewares/FreeRTOS/heap_4.o
                0x0000000008009358                pvPortMalloc
 .text.vPortFree
                0x00000000080094f0       0xc4 ./Middlewares/FreeRTOS/heap_4.o
                0x00000000080094f0                vPortFree
 .text.prvHeapInit
                0x00000000080095b4       0xc4 ./Middlewares/FreeRTOS/heap_4.o
 .text.prvInsertBlockIntoFreeList
                0x0000000008009678       0xb4 ./Middlewares/FreeRTOS/heap_4.o
 .text.vListInitialise
                0x000000000800972c       0x40 ./Middlewares/FreeRTOS/list.o
                0x000000000800972c                vListInitialise
 .text.vListInitialiseItem
                0x000000000800976c       0x1a ./Middlewares/FreeRTOS/list.o
                0x000000000800976c                vListInitialiseItem
 .text.vListInsertEnd
                0x0000000008009786       0x48 ./Middlewares/FreeRTOS/list.o
                0x0000000008009786                vListInsertEnd
 .text.vListInsert
                0x00000000080097ce       0x72 ./Middlewares/FreeRTOS/list.o
                0x00000000080097ce                vListInsert
 .text.uxListRemove
                0x0000000008009840       0x54 ./Middlewares/FreeRTOS/list.o
                0x0000000008009840                uxListRemove
 .text.pxPortInitialiseStack
                0x0000000008009894       0x68 ./Middlewares/FreeRTOS/port.o
                0x0000000008009894                pxPortInitialiseStack
 .text.prvTaskExitError
                0x00000000080098fc       0x58 ./Middlewares/FreeRTOS/port.o
 *fill*         0x0000000008009954        0xc 
 .text.SVC_Handler
                0x0000000008009960       0x28 ./Middlewares/FreeRTOS/port.o
                0x0000000008009960                SVC_Handler
 .text.prvPortStartFirstTask
                0x0000000008009988       0x28 ./Middlewares/FreeRTOS/port.o
 .text.xPortStartScheduler
                0x00000000080099b0      0x144 ./Middlewares/FreeRTOS/port.o
                0x00000000080099b0                xPortStartScheduler
 .text.vPortEnterCritical
                0x0000000008009af4       0x60 ./Middlewares/FreeRTOS/port.o
                0x0000000008009af4                vPortEnterCritical
 .text.vPortExitCritical
                0x0000000008009b54       0x54 ./Middlewares/FreeRTOS/port.o
                0x0000000008009b54                vPortExitCritical
 *fill*         0x0000000008009ba8        0x8 
 .text.PendSV_Handler
                0x0000000008009bb0       0x68 ./Middlewares/FreeRTOS/port.o
                0x0000000008009bb0                PendSV_Handler
 .text.xPortSysTickHandler
                0x0000000008009c18       0x44 ./Middlewares/FreeRTOS/port.o
                0x0000000008009c18                xPortSysTickHandler
 .text.vPortSetupTimerInterrupt
                0x0000000008009c5c       0x48 ./Middlewares/FreeRTOS/port.o
                0x0000000008009c5c                vPortSetupTimerInterrupt
 .text.vPortEnableVFP
                0x0000000008009ca4       0x14 ./Middlewares/FreeRTOS/port.o
 .text.vPortValidateInterruptPriority
                0x0000000008009cb8       0x80 ./Middlewares/FreeRTOS/port.o
                0x0000000008009cb8                vPortValidateInterruptPriority
 .text.xQueueGenericReset
                0x0000000008009d38       0xd0 ./Middlewares/FreeRTOS/queue.o
                0x0000000008009d38                xQueueGenericReset
 .text.xQueueGenericCreateStatic
                0x0000000008009e08       0xf0 ./Middlewares/FreeRTOS/queue.o
                0x0000000008009e08                xQueueGenericCreateStatic
 .text.xQueueGenericCreate
                0x0000000008009ef8       0x74 ./Middlewares/FreeRTOS/queue.o
                0x0000000008009ef8                xQueueGenericCreate
 .text.prvInitialiseNewQueue
                0x0000000008009f6c       0x46 ./Middlewares/FreeRTOS/queue.o
 *fill*         0x0000000008009fb2        0x2 
 .text.xQueueGenericSend
                0x0000000008009fb4      0x1fc ./Middlewares/FreeRTOS/queue.o
                0x0000000008009fb4                xQueueGenericSend
 .text.xQueueGenericSendFromISR
                0x000000000800a1b0      0x136 ./Middlewares/FreeRTOS/queue.o
                0x000000000800a1b0                xQueueGenericSendFromISR
 *fill*         0x000000000800a2e6        0x2 
 .text.xQueueReceive
                0x000000000800a2e8      0x1c0 ./Middlewares/FreeRTOS/queue.o
                0x000000000800a2e8                xQueueReceive
 .text.xQueueReceiveFromISR
                0x000000000800a4a8      0x100 ./Middlewares/FreeRTOS/queue.o
                0x000000000800a4a8                xQueueReceiveFromISR
 .text.prvCopyDataToQueue
                0x000000000800a5a8       0xd4 ./Middlewares/FreeRTOS/queue.o
 .text.prvCopyDataFromQueue
                0x000000000800a67c       0x4c ./Middlewares/FreeRTOS/queue.o
 .text.prvUnlockQueue
                0x000000000800a6c8       0xa4 ./Middlewares/FreeRTOS/queue.o
 .text.prvIsQueueEmpty
                0x000000000800a76c       0x2c ./Middlewares/FreeRTOS/queue.o
 .text.prvIsQueueFull
                0x000000000800a798       0x30 ./Middlewares/FreeRTOS/queue.o
 .text.vQueueAddToRegistry
                0x000000000800a7c8       0x54 ./Middlewares/FreeRTOS/queue.o
                0x000000000800a7c8                vQueueAddToRegistry
 .text.vQueueWaitForMessageRestricted
                0x000000000800a81c       0x68 ./Middlewares/FreeRTOS/queue.o
                0x000000000800a81c                vQueueWaitForMessageRestricted
 .text.xTaskCreateStatic
                0x000000000800a884       0xba ./Middlewares/FreeRTOS/tasks.o
                0x000000000800a884                xTaskCreateStatic
 .text.xTaskCreate
                0x000000000800a93e       0x8a ./Middlewares/FreeRTOS/tasks.o
                0x000000000800a93e                xTaskCreate
 .text.prvInitialiseNewTask
                0x000000000800a9c8      0x11e ./Middlewares/FreeRTOS/tasks.o
 *fill*         0x000000000800aae6        0x2 
 .text.prvAddNewTaskToReadyList
                0x000000000800aae8       0xe0 ./Middlewares/FreeRTOS/tasks.o
 .text.vTaskDelay
                0x000000000800abc8       0x68 ./Middlewares/FreeRTOS/tasks.o
                0x000000000800abc8                vTaskDelay
 .text.vTaskStartScheduler
                0x000000000800ac30       0xcc ./Middlewares/FreeRTOS/tasks.o
                0x000000000800ac30                vTaskStartScheduler
 .text.vTaskSuspendAll
                0x000000000800acfc       0x1c ./Middlewares/FreeRTOS/tasks.o
                0x000000000800acfc                vTaskSuspendAll
 .text.xTaskResumeAll
                0x000000000800ad18      0x13c ./Middlewares/FreeRTOS/tasks.o
                0x000000000800ad18                xTaskResumeAll
 .text.xTaskGetTickCount
                0x000000000800ae54       0x20 ./Middlewares/FreeRTOS/tasks.o
                0x000000000800ae54                xTaskGetTickCount
 .text.xTaskIncrementTick
                0x000000000800ae74      0x174 ./Middlewares/FreeRTOS/tasks.o
                0x000000000800ae74                xTaskIncrementTick
 .text.vTaskSwitchContext
                0x000000000800afe8       0xbc ./Middlewares/FreeRTOS/tasks.o
                0x000000000800afe8                vTaskSwitchContext
 .text.vTaskPlaceOnEventList
                0x000000000800b0a4       0x48 ./Middlewares/FreeRTOS/tasks.o
                0x000000000800b0a4                vTaskPlaceOnEventList
 .text.vTaskPlaceOnEventListRestricted
                0x000000000800b0ec       0x58 ./Middlewares/FreeRTOS/tasks.o
                0x000000000800b0ec                vTaskPlaceOnEventListRestricted
 .text.xTaskRemoveFromEventList
                0x000000000800b144       0xc8 ./Middlewares/FreeRTOS/tasks.o
                0x000000000800b144                xTaskRemoveFromEventList
 .text.vTaskInternalSetTimeOutState
                0x000000000800b20c       0x2c ./Middlewares/FreeRTOS/tasks.o
                0x000000000800b20c                vTaskInternalSetTimeOutState
 .text.xTaskCheckForTimeOut
                0x000000000800b238       0xc4 ./Middlewares/FreeRTOS/tasks.o
                0x000000000800b238                xTaskCheckForTimeOut
 .text.vTaskMissedYield
                0x000000000800b2fc       0x18 ./Middlewares/FreeRTOS/tasks.o
                0x000000000800b2fc                vTaskMissedYield
 .text.prvIdleTask
                0x000000000800b314       0x30 ./Middlewares/FreeRTOS/tasks.o
 .text.prvInitialiseTaskLists
                0x000000000800b344       0x80 ./Middlewares/FreeRTOS/tasks.o
 .text.prvCheckTasksWaitingTermination
                0x000000000800b3c4       0x5c ./Middlewares/FreeRTOS/tasks.o
 .text.prvDeleteTCB
                0x000000000800b420       0x5e ./Middlewares/FreeRTOS/tasks.o
 *fill*         0x000000000800b47e        0x2 
 .text.prvResetNextTaskUnblockTime
                0x000000000800b480       0x40 ./Middlewares/FreeRTOS/tasks.o
 .text.xTaskGetSchedulerState
                0x000000000800b4c0       0x3c ./Middlewares/FreeRTOS/tasks.o
                0x000000000800b4c0                xTaskGetSchedulerState
 .text.xTaskPriorityDisinherit
                0x000000000800b4fc       0xdc ./Middlewares/FreeRTOS/tasks.o
                0x000000000800b4fc                xTaskPriorityDisinherit
 .text.prvAddCurrentTaskToDelayedList
                0x000000000800b5d8       0xa8 ./Middlewares/FreeRTOS/tasks.o
 .text.xTimerCreateTimerTask
                0x000000000800b680       0x90 ./Middlewares/FreeRTOS/timers.o
                0x000000000800b680                xTimerCreateTimerTask
 .text.xTimerGenericCommand
                0x000000000800b710       0x9c ./Middlewares/FreeRTOS/timers.o
                0x000000000800b710                xTimerGenericCommand
 .text.prvProcessExpiredTimer
                0x000000000800b7ac       0x98 ./Middlewares/FreeRTOS/timers.o
 .text.prvTimerTask
                0x000000000800b844       0x24 ./Middlewares/FreeRTOS/timers.o
 .text.prvProcessTimerOrBlockTask
                0x000000000800b868       0x9c ./Middlewares/FreeRTOS/timers.o
 .text.prvGetNextExpireTime
                0x000000000800b904       0x48 ./Middlewares/FreeRTOS/timers.o
 .text.prvSampleTimeNow
                0x000000000800b94c       0x40 ./Middlewares/FreeRTOS/timers.o
 .text.prvInsertTimerInActiveList
                0x000000000800b98c       0x84 ./Middlewares/FreeRTOS/timers.o
 .text.prvProcessReceivedCommands
                0x000000000800ba10      0x1c4 ./Middlewares/FreeRTOS/timers.o
 .text.prvSwitchTimerLists
                0x000000000800bbd4       0xc8 ./Middlewares/FreeRTOS/timers.o
 .text.prvCheckForValidListAndQueue
                0x000000000800bc9c       0x80 ./Middlewares/FreeRTOS/timers.o
 .text.USBH_CDC_InterfaceInit
                0x000000000800bd1c      0x2ac ./Middlewares/USB_Host_Library/usbh_cdc.o
 .text.USBH_CDC_InterfaceDeInit
                0x000000000800bfc8       0xb2 ./Middlewares/USB_Host_Library/usbh_cdc.o
 .text.USBH_CDC_ClassRequest
                0x000000000800c07a       0x3e ./Middlewares/USB_Host_Library/usbh_cdc.o
 .text.USBH_CDC_Process
                0x000000000800c0b8      0x12c ./Middlewares/USB_Host_Library/usbh_cdc.o
 .text.USBH_CDC_SOFProcess
                0x000000000800c1e4       0x16 ./Middlewares/USB_Host_Library/usbh_cdc.o
 .text.GetLineCoding
                0x000000000800c1fa       0x3e ./Middlewares/USB_Host_Library/usbh_cdc.o
 .text.SetLineCoding
                0x000000000800c238       0x3e ./Middlewares/USB_Host_Library/usbh_cdc.o
 .text.CDC_ProcessTransmission
                0x000000000800c276      0x124 ./Middlewares/USB_Host_Library/usbh_cdc.o
 .text.CDC_ProcessReception
                0x000000000800c39a       0xd2 ./Middlewares/USB_Host_Library/usbh_cdc.o
 .text.USBH_CDC_TransmitCallback
                0x000000000800c46c       0x14 ./Middlewares/USB_Host_Library/usbh_cdc.o
                0x000000000800c46c                USBH_CDC_TransmitCallback
 .text.USBH_CDC_ReceiveCallback
                0x000000000800c480       0x14 ./Middlewares/USB_Host_Library/usbh_cdc.o
                0x000000000800c480                USBH_CDC_ReceiveCallback
 .text.USBH_CDC_LineCodingChanged
                0x000000000800c494       0x14 ./Middlewares/USB_Host_Library/usbh_cdc.o
                0x000000000800c494                USBH_CDC_LineCodingChanged
 .text.USBH_Init
                0x000000000800c4a8       0xb8 ./Middlewares/USB_Host_Library/usbh_core.o
                0x000000000800c4a8                USBH_Init
 .text.DeInitStateMachine
                0x000000000800c560       0xe6 ./Middlewares/USB_Host_Library/usbh_core.o
 .text.USBH_RegisterClass
                0x000000000800c646       0x54 ./Middlewares/USB_Host_Library/usbh_core.o
                0x000000000800c646                USBH_RegisterClass
 .text.USBH_SelectInterface
                0x000000000800c69a       0x38 ./Middlewares/USB_Host_Library/usbh_core.o
                0x000000000800c69a                USBH_SelectInterface
 .text.USBH_FindInterface
                0x000000000800c6d2       0x8c ./Middlewares/USB_Host_Library/usbh_core.o
                0x000000000800c6d2                USBH_FindInterface
 .text.USBH_Start
                0x000000000800c75e       0x20 ./Middlewares/USB_Host_Library/usbh_core.o
                0x000000000800c75e                USBH_Start
 *fill*         0x000000000800c77e        0x2 
 .text.USBH_Process
                0x000000000800c780      0x4d8 ./Middlewares/USB_Host_Library/usbh_core.o
                0x000000000800c780                USBH_Process
 .text.USBH_HandleEnum
                0x000000000800cc58      0x458 ./Middlewares/USB_Host_Library/usbh_core.o
 .text.USBH_LL_SetTimer
                0x000000000800d0b0       0x1e ./Middlewares/USB_Host_Library/usbh_core.o
                0x000000000800d0b0                USBH_LL_SetTimer
 .text.USBH_LL_IncTimer
                0x000000000800d0ce       0x24 ./Middlewares/USB_Host_Library/usbh_core.o
                0x000000000800d0ce                USBH_LL_IncTimer
 .text.USBH_HandleSof
                0x000000000800d0f2       0x30 ./Middlewares/USB_Host_Library/usbh_core.o
 .text.USBH_LL_PortEnabled
                0x000000000800d122       0x34 ./Middlewares/USB_Host_Library/usbh_core.o
                0x000000000800d122                USBH_LL_PortEnabled
 .text.USBH_LL_PortDisabled
                0x000000000800d156       0x1c ./Middlewares/USB_Host_Library/usbh_core.o
                0x000000000800d156                USBH_LL_PortDisabled
 .text.USBH_LL_Connect
                0x000000000800d172       0x46 ./Middlewares/USB_Host_Library/usbh_core.o
                0x000000000800d172                USBH_LL_Connect
 .text.USBH_LL_Disconnect
                0x000000000800d1b8       0x64 ./Middlewares/USB_Host_Library/usbh_core.o
                0x000000000800d1b8                USBH_LL_Disconnect
 .text.USBH_Process_OS
                0x000000000800d21c       0x2e ./Middlewares/USB_Host_Library/usbh_core.o
 .text.USBH_LL_NotifyURBChange
                0x000000000800d24a       0x2e ./Middlewares/USB_Host_Library/usbh_core.o
                0x000000000800d24a                USBH_LL_NotifyURBChange
 .text.USBH_Get_DevDesc
                0x000000000800d278       0x58 ./Middlewares/USB_Host_Library/usbh_ctlreq.o
                0x000000000800d278                USBH_Get_DevDesc
 .text.USBH_Get_CfgDesc
                0x000000000800d2d0       0x54 ./Middlewares/USB_Host_Library/usbh_ctlreq.o
                0x000000000800d2d0                USBH_Get_CfgDesc
 .text.USBH_Get_StringDesc
                0x000000000800d324       0x68 ./Middlewares/USB_Host_Library/usbh_ctlreq.o
                0x000000000800d324                USBH_Get_StringDesc
 .text.USBH_GetDescriptor
                0x000000000800d38c       0x6a ./Middlewares/USB_Host_Library/usbh_ctlreq.o
                0x000000000800d38c                USBH_GetDescriptor
 .text.USBH_SetAddress
                0x000000000800d3f6       0x48 ./Middlewares/USB_Host_Library/usbh_ctlreq.o
                0x000000000800d3f6                USBH_SetAddress
 .text.USBH_SetCfg
                0x000000000800d43e       0x46 ./Middlewares/USB_Host_Library/usbh_ctlreq.o
                0x000000000800d43e                USBH_SetCfg
 .text.USBH_SetFeature
                0x000000000800d484       0x48 ./Middlewares/USB_Host_Library/usbh_ctlreq.o
                0x000000000800d484                USBH_SetFeature
 .text.USBH_ClrFeature
                0x000000000800d4cc       0x48 ./Middlewares/USB_Host_Library/usbh_ctlreq.o
                0x000000000800d4cc                USBH_ClrFeature
 .text.USBH_ParseDevDesc
                0x000000000800d514      0x168 ./Middlewares/USB_Host_Library/usbh_ctlreq.o
 .text.USBH_ParseCfgDesc
                0x000000000800d67c      0x1f2 ./Middlewares/USB_Host_Library/usbh_ctlreq.o
 .text.USBH_ParseInterfaceDesc
                0x000000000800d86e       0x68 ./Middlewares/USB_Host_Library/usbh_ctlreq.o
 .text.USBH_ParseEPDesc
                0x000000000800d8d6      0x1d2 ./Middlewares/USB_Host_Library/usbh_ctlreq.o
 .text.USBH_ParseStringDesc
                0x000000000800daa8       0x66 ./Middlewares/USB_Host_Library/usbh_ctlreq.o
 .text.USBH_GetNextDesc
                0x000000000800db0e       0x36 ./Middlewares/USB_Host_Library/usbh_ctlreq.o
                0x000000000800db0e                USBH_GetNextDesc
 .text.USBH_CtlReq
                0x000000000800db44       0xb2 ./Middlewares/USB_Host_Library/usbh_ctlreq.o
                0x000000000800db44                USBH_CtlReq
 *fill*         0x000000000800dbf6        0x2 
 .text.USBH_HandleControl
                0x000000000800dbf8      0x490 ./Middlewares/USB_Host_Library/usbh_ctlreq.o
 .text.USBH_CtlSendSetup
                0x000000000800e088       0x34 ./Middlewares/USB_Host_Library/usbh_ioreq.o
                0x000000000800e088                USBH_CtlSendSetup
 .text.USBH_CtlSendData
                0x000000000800e0bc       0x4a ./Middlewares/USB_Host_Library/usbh_ioreq.o
                0x000000000800e0bc                USBH_CtlSendData
 .text.USBH_CtlReceiveData
                0x000000000800e106       0x3c ./Middlewares/USB_Host_Library/usbh_ioreq.o
                0x000000000800e106                USBH_CtlReceiveData
 .text.USBH_BulkSendData
                0x000000000800e142       0x4a ./Middlewares/USB_Host_Library/usbh_ioreq.o
                0x000000000800e142                USBH_BulkSendData
 .text.USBH_BulkReceiveData
                0x000000000800e18c       0x3c ./Middlewares/USB_Host_Library/usbh_ioreq.o
                0x000000000800e18c                USBH_BulkReceiveData
 .text.USBH_OpenPipe
                0x000000000800e1c8       0x3e ./Middlewares/USB_Host_Library/usbh_pipes.o
                0x000000000800e1c8                USBH_OpenPipe
 .text.USBH_ClosePipe
                0x000000000800e206       0x20 ./Middlewares/USB_Host_Library/usbh_pipes.o
                0x000000000800e206                USBH_ClosePipe
 .text.USBH_AllocPipe
                0x000000000800e226       0x42 ./Middlewares/USB_Host_Library/usbh_pipes.o
                0x000000000800e226                USBH_AllocPipe
 .text.USBH_FreePipe
                0x000000000800e268       0x3c ./Middlewares/USB_Host_Library/usbh_pipes.o
                0x000000000800e268                USBH_FreePipe
 .text.USBH_GetFreePipe
                0x000000000800e2a4       0x48 ./Middlewares/USB_Host_Library/usbh_pipes.o
 .text.MX_USB_HOST_Init
                0x000000000800e2ec       0x4c ./USB_HOST/App/usb_host.o
                0x000000000800e2ec                MX_USB_HOST_Init
 .text.USBH_UserProcess
                0x000000000800e338       0x5c ./USB_HOST/App/usb_host.o
 .text.HAL_HCD_MspInit
                0x000000000800e394       0xbc ./USB_HOST/Target/usbh_conf.o
                0x000000000800e394                HAL_HCD_MspInit
 .text.HAL_HCD_SOF_Callback
                0x000000000800e450       0x1c ./USB_HOST/Target/usbh_conf.o
                0x000000000800e450                HAL_HCD_SOF_Callback
 .text.HAL_HCD_Connect_Callback
                0x000000000800e46c       0x1c ./USB_HOST/Target/usbh_conf.o
                0x000000000800e46c                HAL_HCD_Connect_Callback
 .text.HAL_HCD_Disconnect_Callback
                0x000000000800e488       0x1c ./USB_HOST/Target/usbh_conf.o
                0x000000000800e488                HAL_HCD_Disconnect_Callback
 .text.HAL_HCD_HC_NotifyURBChange_Callback
                0x000000000800e4a4       0x24 ./USB_HOST/Target/usbh_conf.o
                0x000000000800e4a4                HAL_HCD_HC_NotifyURBChange_Callback
 .text.HAL_HCD_PortEnabled_Callback
                0x000000000800e4c8       0x1c ./USB_HOST/Target/usbh_conf.o
                0x000000000800e4c8                HAL_HCD_PortEnabled_Callback
 .text.HAL_HCD_PortDisabled_Callback
                0x000000000800e4e4       0x1c ./USB_HOST/Target/usbh_conf.o
                0x000000000800e4e4                HAL_HCD_PortDisabled_Callback
 .text.USBH_LL_Init
                0x000000000800e500       0x8c ./USB_HOST/Target/usbh_conf.o
                0x000000000800e500                USBH_LL_Init
 .text.USBH_LL_Start
                0x000000000800e58c       0x36 ./USB_HOST/Target/usbh_conf.o
                0x000000000800e58c                USBH_LL_Start
 .text.USBH_LL_Stop
                0x000000000800e5c2       0x36 ./USB_HOST/Target/usbh_conf.o
                0x000000000800e5c2                USBH_LL_Stop
 .text.USBH_LL_GetSpeed
                0x000000000800e5f8       0x4e ./USB_HOST/Target/usbh_conf.o
                0x000000000800e5f8                USBH_LL_GetSpeed
 .text.USBH_LL_ResetPort
                0x000000000800e646       0x36 ./USB_HOST/Target/usbh_conf.o
                0x000000000800e646                USBH_LL_ResetPort
 .text.USBH_LL_GetLastXferSize
                0x000000000800e67c       0x26 ./USB_HOST/Target/usbh_conf.o
                0x000000000800e67c                USBH_LL_GetLastXferSize
 .text.USBH_LL_OpenPipe
                0x000000000800e6a2       0x5e ./USB_HOST/Target/usbh_conf.o
                0x000000000800e6a2                USBH_LL_OpenPipe
 .text.USBH_LL_ClosePipe
                0x000000000800e700       0x3e ./USB_HOST/Target/usbh_conf.o
                0x000000000800e700                USBH_LL_ClosePipe
 .text.USBH_LL_SubmitURB
                0x000000000800e73e       0x62 ./USB_HOST/Target/usbh_conf.o
                0x000000000800e73e                USBH_LL_SubmitURB
 .text.USBH_LL_GetURBState
                0x000000000800e7a0       0x26 ./USB_HOST/Target/usbh_conf.o
                0x000000000800e7a0                USBH_LL_GetURBState
 .text.USBH_LL_DriverVBUS
                0x000000000800e7c6       0x2e ./USB_HOST/Target/usbh_conf.o
                0x000000000800e7c6                USBH_LL_DriverVBUS
 .text.USBH_LL_SetToggle
                0x000000000800e7f4       0x66 ./USB_HOST/Target/usbh_conf.o
                0x000000000800e7f4                USBH_LL_SetToggle
 .text.USBH_Delay
                0x000000000800e85a       0x16 ./USB_HOST/Target/usbh_conf.o
                0x000000000800e85a                USBH_Delay
 .text.USBH_Get_USB_Status
                0x000000000800e870       0x58 ./USB_HOST/Target/usbh_conf.o
                0x000000000800e870                USBH_Get_USB_Status
 .text.MX_DriverVbusHS
                0x000000000800e8c8       0x38 ./USB_HOST/Target/usbh_platform.o
                0x000000000800e8c8                MX_DriverVbusHS
 .text.malloc   0x000000000800e900       0x10 C:/ST/STM32CubeIDE_1.10.1/STM32CubeIDE/plugins/com.st.stm32cube.ide.mcu.externaltools.gnu-tools-for-stm32.11.3.rel1.win32_1.1.100.202309141235/tools/bin/../lib/gcc/arm-none-eabi/11.3.1/../../../../arm-none-eabi/lib/thumb/v7e-m+fp/hard\libc_nano.a(libc_a-malloc.o)
                0x000000000800e900                malloc
 .text.free     0x000000000800e910       0x10 C:/ST/STM32CubeIDE_1.10.1/STM32CubeIDE/plugins/com.st.stm32cube.ide.mcu.externaltools.gnu-tools-for-stm32.11.3.rel1.win32_1.1.100.202309141235/tools/bin/../lib/gcc/arm-none-eabi/11.3.1/../../../../arm-none-eabi/lib/thumb/v7e-m+fp/hard\libc_nano.a(libc_a-malloc.o)
                0x000000000800e910                free
 .text.sbrk_aligned
                0x000000000800e920       0x40 C:/ST/STM32CubeIDE_1.10.1/STM32CubeIDE/plugins/com.st.stm32cube.ide.mcu.externaltools.gnu-tools-for-stm32.11.3.rel1.win32_1.1.100.202309141235/tools/bin/../lib/gcc/arm-none-eabi/11.3.1/../../../../arm-none-eabi/lib/thumb/v7e-m+fp/hard\libc_nano.a(libc_a-mallocr.o)
 .text._malloc_r
                0x000000000800e960      0x100 C:/ST/STM32CubeIDE_1.10.1/STM32CubeIDE/plugins/com.st.stm32cube.ide.mcu.externaltools.gnu-tools-for-stm32.11.3.rel1.win32_1.1.100.202309141235/tools/bin/../lib/gcc/arm-none-eabi/11.3.1/../../../../arm-none-eabi/lib/thumb/v7e-m+fp/hard\libc_nano.a(libc_a-mallocr.o)
                0x000000000800e960                _malloc_r
 .text.__malloc_lock
                0x000000000800ea60        0xc C:/ST/STM32CubeIDE_1.10.1/STM32CubeIDE/plugins/com.st.stm32cube.ide.mcu.externaltools.gnu-tools-for-stm32.11.3.rel1.win32_1.1.100.202309141235/tools/bin/../lib/gcc/arm-none-eabi/11.3.1/../../../../arm-none-eabi/lib/thumb/v7e-m+fp/hard\libc_nano.a(libc_a-mlock.o)
                0x000000000800ea60                __malloc_lock
 .text.__malloc_unlock
                0x000000000800ea6c        0xc C:/ST/STM32CubeIDE_1.10.1/STM32CubeIDE/plugins/com.st.stm32cube.ide.mcu.externaltools.gnu-tools-for-stm32.11.3.rel1.win32_1.1.100.202309141235/tools/bin/../lib/gcc/arm-none-eabi/11.3.1/../../../../arm-none-eabi/lib/thumb/v7e-m+fp/hard\libc_nano.a(libc_a-mlock.o)
                0x000000000800ea6c                __malloc_unlock
 .text.memset   0x000000000800ea78       0x10 C:/ST/STM32CubeIDE_1.10.1/STM32CubeIDE/plugins/com.st.stm32cube.ide.mcu.externaltools.gnu-tools-for-stm32.11.3.rel1.win32_1.1.100.202309141235/tools/bin/../lib/gcc/arm-none-eabi/11.3.1/../../../../arm-none-eabi/lib/thumb/v7e-m+fp/hard\libc_nano.a(libc_a-memset.o)
                0x000000000800ea78                memset
 .text._sbrk_r  0x000000000800ea88       0x20 C:/ST/STM32CubeIDE_1.10.1/STM32CubeIDE/plugins/com.st.stm32cube.ide.mcu.externaltools.gnu-tools-for-stm32.11.3.rel1.win32_1.1.100.202309141235/tools/bin/../lib/gcc/arm-none-eabi/11.3.1/../../../../arm-none-eabi/lib/thumb/v7e-m+fp/hard\libc_nano.a(libc_a-sbrkr.o)
                0x000000000800ea88                _sbrk_r
 .text.__errno  0x000000000800eaa8        0xc C:/ST/STM32CubeIDE_1.10.1/STM32CubeIDE/plugins/com.st.stm32cube.ide.mcu.externaltools.gnu-tools-for-stm32.11.3.rel1.win32_1.1.100.202309141235/tools/bin/../lib/gcc/arm-none-eabi/11.3.1/../../../../arm-none-eabi/lib/thumb/v7e-m+fp/hard\libc_nano.a(libc_a-errno.o)
                0x000000000800eaa8                __errno
 .text.__libc_init_array
                0x000000000800eab4       0x48 C:/ST/STM32CubeIDE_1.10.1/STM32CubeIDE/plugins/com.st.stm32cube.ide.mcu.externaltools.gnu-tools-for-stm32.11.3.rel1.win32_1.1.100.202309141235/tools/bin/../lib/gcc/arm-none-eabi/11.3.1/../../../../arm-none-eabi/lib/thumb/v7e-m+fp/hard\libc_nano.a(libc_a-init.o)
                0x000000000800eab4                __libc_init_array
 .text.__retarget_lock_acquire_recursive
                0x000000000800eafc        0x2 C:/ST/STM32CubeIDE_1.10.1/STM32CubeIDE/plugins/com.st.stm32cube.ide.mcu.externaltools.gnu-tools-for-stm32.11.3.rel1.win32_1.1.100.202309141235/tools/bin/../lib/gcc/arm-none-eabi/11.3.1/../../../../arm-none-eabi/lib/thumb/v7e-m+fp/hard\libc_nano.a(libc_a-lock.o)
                0x000000000800eafc                __retarget_lock_acquire_recursive
 .text.__retarget_lock_release_recursive
                0x000000000800eafe        0x2 C:/ST/STM32CubeIDE_1.10.1/STM32CubeIDE/plugins/com.st.stm32cube.ide.mcu.externaltools.gnu-tools-for-stm32.11.3.rel1.win32_1.1.100.202309141235/tools/bin/../lib/gcc/arm-none-eabi/11.3.1/../../../../arm-none-eabi/lib/thumb/v7e-m+fp/hard\libc_nano.a(libc_a-lock.o)
                0x000000000800eafe                __retarget_lock_release_recursive
 .text.memcpy   0x000000000800eb00       0x1c C:/ST/STM32CubeIDE_1.10.1/STM32CubeIDE/plugins/com.st.stm32cube.ide.mcu.externaltools.gnu-tools-for-stm32.11.3.rel1.win32_1.1.100.202309141235/tools/bin/../lib/gcc/arm-none-eabi/11.3.1/../../../../arm-none-eabi/lib/thumb/v7e-m+fp/hard\libc_nano.a(libc_a-memcpy-stub.o)
                0x000000000800eb00                memcpy
 .text._free_r  0x000000000800eb1c       0x98 C:/ST/STM32CubeIDE_1.10.1/STM32CubeIDE/plugins/com.st.stm32cube.ide.mcu.externaltools.gnu-tools-for-stm32.11.3.rel1.win32_1.1.100.202309141235/tools/bin/../lib/gcc/arm-none-eabi/11.3.1/../../../../arm-none-eabi/lib/thumb/v7e-m+fp/hard\libc_nano.a(libc_a-freer.o)
                0x000000000800eb1c                _free_r
 *(.glue_7)
 .glue_7        0x000000000800ebb4        0x0 linker stubs
 *(.glue_7t)
 .glue_7t       0x000000000800ebb4        0x0 linker stubs
 *(.eh_frame)
 .eh_frame      0x000000000800ebb4        0x0 C:/ST/STM32CubeIDE_1.10.1/STM32CubeIDE/plugins/com.st.stm32cube.ide.mcu.externaltools.gnu-tools-for-stm32.11.3.rel1.win32_1.1.100.202309141235/tools/bin/../lib/gcc/arm-none-eabi/11.3.1/thumb/v7e-m+fp/hard/crtbegin.o
 *(.init)
 .init          0x000000000800ebb4        0x4 C:/ST/STM32CubeIDE_1.10.1/STM32CubeIDE/plugins/com.st.stm32cube.ide.mcu.externaltools.gnu-tools-for-stm32.11.3.rel1.win32_1.1.100.202309141235/tools/bin/../lib/gcc/arm-none-eabi/11.3.1/thumb/v7e-m+fp/hard/crti.o
                0x000000000800ebb4                _init
 .init          0x000000000800ebb8        0x8 C:/ST/STM32CubeIDE_1.10.1/STM32CubeIDE/plugins/com.st.stm32cube.ide.mcu.externaltools.gnu-tools-for-stm32.11.3.rel1.win32_1.1.100.202309141235/tools/bin/../lib/gcc/arm-none-eabi/11.3.1/thumb/v7e-m+fp/hard/crtn.o
 *(.fini)
 .fini          0x000000000800ebc0        0x4 C:/ST/STM32CubeIDE_1.10.1/STM32CubeIDE/plugins/com.st.stm32cube.ide.mcu.externaltools.gnu-tools-for-stm32.11.3.rel1.win32_1.1.100.202309141235/tools/bin/../lib/gcc/arm-none-eabi/11.3.1/thumb/v7e-m+fp/hard/crti.o
                0x000000000800ebc0                _fini
 .fini          0x000000000800ebc4        0x8 C:/ST/STM32CubeIDE_1.10.1/STM32CubeIDE/plugins/com.st.stm32cube.ide.mcu.externaltools.gnu-tools-for-stm32.11.3.rel1.win32_1.1.100.202309141235/tools/bin/../lib/gcc/arm-none-eabi/11.3.1/thumb/v7e-m+fp/hard/crtn.o
                0x000000000800ebcc                . = ALIGN (0x4)
                0x000000000800ebcc                _etext = .

.vfp11_veneer   0x000000000800ebcc        0x0
 .vfp11_veneer  0x000000000800ebcc        0x0 linker stubs

.v4_bx          0x000000000800ebcc        0x0
 .v4_bx         0x000000000800ebcc        0x0 linker stubs

.iplt           0x000000000800ebcc        0x0
 .iplt          0x000000000800ebcc        0x0 C:/ST/STM32CubeIDE_1.10.1/STM32CubeIDE/plugins/com.st.stm32cube.ide.mcu.externaltools.gnu-tools-for-stm32.11.3.rel1.win32_1.1.100.202309141235/tools/bin/../lib/gcc/arm-none-eabi/11.3.1/thumb/v7e-m+fp/hard/crtbegin.o

.rodata         0x000000000800ebcc       0xa4
                0x000000000800ebcc                . = ALIGN (0x4)
 *(.rodata)
 .rodata        0x000000000800ebcc       0x1a ./Core/Src/main.o
 *fill*         0x000000000800ebe6        0x2 
 .rodata        0x000000000800ebe8        0x5 ./Middlewares/FreeRTOS/tasks.o
 *fill*         0x000000000800ebed        0x3 
 .rodata        0x000000000800ebf0        0xd ./Middlewares/FreeRTOS/timers.o
 *fill*         0x000000000800ebfd        0x3 
 .rodata        0x000000000800ec00        0x4 ./Middlewares/USB_Host_Library/usbh_cdc.o
 .rodata        0x000000000800ec04        0xb ./Middlewares/USB_Host_Library/usbh_core.o
 *(.rodata*)
 *fill*         0x000000000800ec0f        0x1 
 .rodata.defaultTask_attributes
                0x000000000800ec10       0x24 ./Core/Src/main.o
                0x000000000800ec10                defaultTask_attributes
 .rodata.tareaPantalla_attributes
                0x000000000800ec34       0x24 ./Core/Src/main.o
                0x000000000800ec34                tareaPantalla_attributes
 .rodata.AHBPrescTable
                0x000000000800ec58       0x10 ./Core/Src/system_stm32f4xx.o
                0x000000000800ec58                AHBPrescTable
 .rodata.APBPrescTable
                0x000000000800ec68        0x8 ./Core/Src/system_stm32f4xx.o
                0x000000000800ec68                APBPrescTable
                0x000000000800ec70                . = ALIGN (0x4)

.ARM.extab      0x000000000800ec70        0x0
                0x000000000800ec70                . = ALIGN (0x4)
 *(.ARM.extab* .gnu.linkonce.armextab.*)
                0x000000000800ec70                . = ALIGN (0x4)

.ARM            0x000000000800ec70        0x8
                0x000000000800ec70                . = ALIGN (0x4)
                0x000000000800ec70                __exidx_start = .
 *(.ARM.exidx*)
 .ARM.exidx     0x000000000800ec70        0x8 C:/ST/STM32CubeIDE_1.10.1/STM32CubeIDE/plugins/com.st.stm32cube.ide.mcu.externaltools.gnu-tools-for-stm32.11.3.rel1.win32_1.1.100.202309141235/tools/bin/../lib/gcc/arm-none-eabi/11.3.1/thumb/v7e-m+fp/hard\libgcc.a(_udivmoddi4.o)
                0x000000000800ec78                __exidx_end = .
                0x000000000800ec78                . = ALIGN (0x4)

.rel.dyn        0x000000000800ec78        0x0
 .rel.iplt      0x000000000800ec78        0x0 C:/ST/STM32CubeIDE_1.10.1/STM32CubeIDE/plugins/com.st.stm32cube.ide.mcu.externaltools.gnu-tools-for-stm32.11.3.rel1.win32_1.1.100.202309141235/tools/bin/../lib/gcc/arm-none-eabi/11.3.1/thumb/v7e-m+fp/hard/crtbegin.o

.preinit_array  0x000000000800ec78        0x0
                0x000000000800ec78                . = ALIGN (0x4)
                0x000000000800ec78                PROVIDE (__preinit_array_start = .)
 *(.preinit_array*)
                0x000000000800ec78                PROVIDE (__preinit_array_end = .)
                0x000000000800ec78                . = ALIGN (0x4)

.init_array     0x000000000800ec78        0x4
                0x000000000800ec78                . = ALIGN (0x4)
                0x000000000800ec78                PROVIDE (__init_array_start = .)
 *(SORT_BY_NAME(.init_array.*))
 *(.init_array*)
 .init_array    0x000000000800ec78        0x4 C:/ST/STM32CubeIDE_1.10.1/STM32CubeIDE/plugins/com.st.stm32cube.ide.mcu.externaltools.gnu-tools-for-stm32.11.3.rel1.win32_1.1.100.202309141235/tools/bin/../lib/gcc/arm-none-eabi/11.3.1/thumb/v7e-m+fp/hard/crtbegin.o
                0x000000000800ec7c                PROVIDE (__init_array_end = .)
                0x000000000800ec7c                . = ALIGN (0x4)

.fini_array     0x000000000800ec7c        0x4
                0x000000000800ec7c                . = ALIGN (0x4)
                [!provide]                        PROVIDE (__fini_array_start = .)
 *(SORT_BY_NAME(.fini_array.*))
 *(.fini_array*)
 .fini_array    0x000000000800ec7c        0x4 C:/ST/STM32CubeIDE_1.10.1/STM32CubeIDE/plugins/com.st.stm32cube.ide.mcu.externaltools.gnu-tools-for-stm32.11.3.rel1.win32_1.1.100.202309141235/tools/bin/../lib/gcc/arm-none-eabi/11.3.1/thumb/v7e-m+fp/hard/crtbegin.o
                [!provide]                        PROVIDE (__fini_array_end = .)
                0x000000000800ec80                . = ALIGN (0x4)
                0x000000000800ec80                _sidata = LOADADDR (.data)

.data           0x0000000020000000       0x80 load address 0x000000000800ec80
                0x0000000020000000                . = ALIGN (0x4)
                0x0000000020000000                _sdata = .
 *(.data)
 *(.data*)
 .data.SystemCoreClock
                0x0000000020000000        0x4 ./Core/Src/system_stm32f4xx.o
                0x0000000020000000                SystemCoreClock
 .data.uwTickPrio
                0x0000000020000004        0x4 ./Drivers/STM32F4xx_HAL_Driver/stm32f4xx_hal.o
                0x0000000020000004                uwTickPrio
 .data.uwTickFreq
                0x0000000020000008        0x1 ./Drivers/STM32F4xx_HAL_Driver/stm32f4xx_hal.o
                0x0000000020000008                uwTickFreq
 *fill*         0x0000000020000009        0x3 
 .data.uxCriticalNesting
                0x000000002000000c        0x4 ./Middlewares/FreeRTOS/port.o
 .data.CDC_Class
                0x0000000020000010       0x20 ./Middlewares/USB_Host_Library/usbh_cdc.o
                0x0000000020000010                CDC_Class
 .data._impure_data
                0x0000000020000030       0x4c C:/ST/STM32CubeIDE_1.10.1/STM32CubeIDE/plugins/com.st.stm32cube.ide.mcu.externaltools.gnu-tools-for-stm32.11.3.rel1.win32_1.1.100.202309141235/tools/bin/../lib/gcc/arm-none-eabi/11.3.1/../../../../arm-none-eabi/lib/thumb/v7e-m+fp/hard\libc_nano.a(libc_a-impure.o)
                0x0000000020000030                _impure_data
 .data._impure_ptr
                0x000000002000007c        0x4 C:/ST/STM32CubeIDE_1.10.1/STM32CubeIDE/plugins/com.st.stm32cube.ide.mcu.externaltools.gnu-tools-for-stm32.11.3.rel1.win32_1.1.100.202309141235/tools/bin/../lib/gcc/arm-none-eabi/11.3.1/../../../../arm-none-eabi/lib/thumb/v7e-m+fp/hard\libc_nano.a(libc_a-impure.o)
                0x000000002000007c                _impure_ptr
 *(.RamFunc)
 *(.RamFunc*)
                0x0000000020000080                . = ALIGN (0x4)
                0x0000000020000080                _edata = .
                0x000000000800ed00                _siccmram = LOADADDR (.ccmram)

.igot.plt       0x0000000020000080        0x0 load address 0x000000000800ed00
 .igot.plt      0x0000000020000080        0x0 C:/ST/STM32CubeIDE_1.10.1/STM32CubeIDE/plugins/com.st.stm32cube.ide.mcu.externaltools.gnu-tools-for-stm32.11.3.rel1.win32_1.1.100.202309141235/tools/bin/../lib/gcc/arm-none-eabi/11.3.1/thumb/v7e-m+fp/hard/crtbegin.o

.ccmram         0x0000000010000000        0x0 load address 0x000000000800ed00
                0x0000000010000000                . = ALIGN (0x4)
                0x0000000010000000                _sccmram = .
 *(.ccmram)
 *(.ccmram*)
                0x0000000010000000                . = ALIGN (0x4)
                0x0000000010000000                _eccmram = .
                0x0000000010000000                . = ALIGN (0x4)

.bss            0x0000000020000080     0x67c4
                0x0000000020000080                _sbss = .
                0x0000000020000080                __bss_start__ = _sbss
 *(.bss)
 .bss           0x0000000020000080       0x1c C:/ST/STM32CubeIDE_1.10.1/STM32CubeIDE/plugins/com.st.stm32cube.ide.mcu.externaltools.gnu-tools-for-stm32.11.3.rel1.win32_1.1.100.202309141235/tools/bin/../lib/gcc/arm-none-eabi/11.3.1/thumb/v7e-m+fp/hard/crtbegin.o
 *(.bss*)
 .bss.hadc1     0x000000002000009c       0x48 ./Core/Src/main.o
                0x000000002000009c                hadc1
 .bss.hcrc      0x00000000200000e4        0x8 ./Core/Src/main.o
                0x00000000200000e4                hcrc
 .bss.hdma2d    0x00000000200000ec       0x40 ./Core/Src/main.o
                0x00000000200000ec                hdma2d
 .bss.hi2c3     0x000000002000012c       0x54 ./Core/Src/main.o
                0x000000002000012c                hi2c3
 .bss.hltdc     0x0000000020000180       0xa8 ./Core/Src/main.o
                0x0000000020000180                hltdc
 .bss.hspi5     0x0000000020000228       0x58 ./Core/Src/main.o
                0x0000000020000228                hspi5
 .bss.htim1     0x0000000020000280       0x48 ./Core/Src/main.o
                0x0000000020000280                htim1
 .bss.huart1    0x00000000200002c8       0x48 ./Core/Src/main.o
                0x00000000200002c8                huart1
 .bss.hsdram1   0x0000000020000310       0x34 ./Core/Src/main.o
                0x0000000020000310                hsdram1
 .bss.defaultTaskHandle
                0x0000000020000344        0x4 ./Core/Src/main.o
                0x0000000020000344                defaultTaskHandle
 .bss.tareaPantallaHandle
                0x0000000020000348        0x4 ./Core/Src/main.o
                0x0000000020000348                tareaPantallaHandle
 .bss.FMC_Initialized
                0x000000002000034c        0x4 ./Core/Src/stm32f4xx_hal_msp.o
 .bss.htim6     0x0000000020000350       0x48 ./Core/Src/stm32f4xx_hal_timebase_tim.o
                0x0000000020000350                htim6
 .bss.__sbrk_heap_end
                0x0000000020000398        0x4 ./Core/Src/sysmem.o
 .bss.uwTick    0x000000002000039c        0x4 ./Drivers/STM32F4xx_HAL_Driver/stm32f4xx_hal.o
                0x000000002000039c                uwTick
 .bss.KernelState
                0x00000000200003a0        0x4 ./Middlewares/FreeRTOS/cmsis_os2.o
 .bss.Idle_TCB.3
                0x00000000200003a4       0x5c ./Middlewares/FreeRTOS/cmsis_os2.o
 .bss.Idle_Stack.2
                0x0000000020000400      0x200 ./Middlewares/FreeRTOS/cmsis_os2.o
 .bss.Timer_TCB.1
                0x0000000020000600       0x5c ./Middlewares/FreeRTOS/cmsis_os2.o
 .bss.Timer_Stack.0
                0x000000002000065c      0x400 ./Middlewares/FreeRTOS/cmsis_os2.o
 .bss.ucHeap    0x0000000020000a5c     0x4e20 ./Middlewares/FreeRTOS/heap_4.o
 .bss.xStart    0x000000002000587c        0x8 ./Middlewares/FreeRTOS/heap_4.o
 .bss.pxEnd     0x0000000020005884        0x4 ./Middlewares/FreeRTOS/heap_4.o
 .bss.xFreeBytesRemaining
                0x0000000020005888        0x4 ./Middlewares/FreeRTOS/heap_4.o
 .bss.xMinimumEverFreeBytesRemaining
                0x000000002000588c        0x4 ./Middlewares/FreeRTOS/heap_4.o
 .bss.xNumberOfSuccessfulAllocations
                0x0000000020005890        0x4 ./Middlewares/FreeRTOS/heap_4.o
 .bss.xNumberOfSuccessfulFrees
                0x0000000020005894        0x4 ./Middlewares/FreeRTOS/heap_4.o
 .bss.xBlockAllocatedBit
                0x0000000020005898        0x4 ./Middlewares/FreeRTOS/heap_4.o
 .bss.ucMaxSysCallPriority
                0x000000002000589c        0x1 ./Middlewares/FreeRTOS/port.o
 *fill*         0x000000002000589d        0x3 
 .bss.ulMaxPRIGROUPValue
                0x00000000200058a0        0x4 ./Middlewares/FreeRTOS/port.o
 .bss.xQueueRegistry
                0x00000000200058a4       0x40 ./Middlewares/FreeRTOS/queue.o
                0x00000000200058a4                xQueueRegistry
 .bss.pxCurrentTCB
                0x00000000200058e4        0x4 ./Middlewares/FreeRTOS/tasks.o
                0x00000000200058e4                pxCurrentTCB
 .bss.pxReadyTasksLists
                0x00000000200058e8      0x460 ./Middlewares/FreeRTOS/tasks.o
 .bss.xDelayedTaskList1
                0x0000000020005d48       0x14 ./Middlewares/FreeRTOS/tasks.o
 .bss.xDelayedTaskList2
                0x0000000020005d5c       0x14 ./Middlewares/FreeRTOS/tasks.o
 .bss.pxDelayedTaskList
                0x0000000020005d70        0x4 ./Middlewares/FreeRTOS/tasks.o
 .bss.pxOverflowDelayedTaskList
                0x0000000020005d74        0x4 ./Middlewares/FreeRTOS/tasks.o
 .bss.xPendingReadyList
                0x0000000020005d78       0x14 ./Middlewares/FreeRTOS/tasks.o
 .bss.xTasksWaitingTermination
                0x0000000020005d8c       0x14 ./Middlewares/FreeRTOS/tasks.o
 .bss.uxDeletedTasksWaitingCleanUp
                0x0000000020005da0        0x4 ./Middlewares/FreeRTOS/tasks.o
 .bss.xSuspendedTaskList
                0x0000000020005da4       0x14 ./Middlewares/FreeRTOS/tasks.o
 .bss.uxCurrentNumberOfTasks
                0x0000000020005db8        0x4 ./Middlewares/FreeRTOS/tasks.o
 .bss.xTickCount
                0x0000000020005dbc        0x4 ./Middlewares/FreeRTOS/tasks.o
 .bss.uxTopReadyPriority
                0x0000000020005dc0        0x4 ./Middlewares/FreeRTOS/tasks.o
 .bss.xSchedulerRunning
                0x0000000020005dc4        0x4 ./Middlewares/FreeRTOS/tasks.o
 .bss.xPendedTicks
                0x0000000020005dc8        0x4 ./Middlewares/FreeRTOS/tasks.o
 .bss.xYieldPending
                0x0000000020005dcc        0x4 ./Middlewares/FreeRTOS/tasks.o
 .bss.xNumOfOverflows
                0x0000000020005dd0        0x4 ./Middlewares/FreeRTOS/tasks.o
 .bss.uxTaskNumber
                0x0000000020005dd4        0x4 ./Middlewares/FreeRTOS/tasks.o
 .bss.xNextTaskUnblockTime
                0x0000000020005dd8        0x4 ./Middlewares/FreeRTOS/tasks.o
 .bss.xIdleTaskHandle
                0x0000000020005ddc        0x4 ./Middlewares/FreeRTOS/tasks.o
 .bss.uxSchedulerSuspended
                0x0000000020005de0        0x4 ./Middlewares/FreeRTOS/tasks.o
 .bss.xActiveTimerList1
                0x0000000020005de4       0x14 ./Middlewares/FreeRTOS/timers.o
 .bss.xActiveTimerList2
                0x0000000020005df8       0x14 ./Middlewares/FreeRTOS/timers.o
 .bss.pxCurrentTimerList
                0x0000000020005e0c        0x4 ./Middlewares/FreeRTOS/timers.o
 .bss.pxOverflowTimerList
                0x0000000020005e10        0x4 ./Middlewares/FreeRTOS/timers.o
 .bss.xTimerQueue
                0x0000000020005e14        0x4 ./Middlewares/FreeRTOS/timers.o
 .bss.xTimerTaskHandle
                0x0000000020005e18        0x4 ./Middlewares/FreeRTOS/timers.o
 .bss.xLastTime.2
                0x0000000020005e1c        0x4 ./Middlewares/FreeRTOS/timers.o
 .bss.ucStaticTimerQueueStorage.1
                0x0000000020005e20       0xa0 ./Middlewares/FreeRTOS/timers.o
 .bss.xStaticTimerQueue.0
                0x0000000020005ec0       0x50 ./Middlewares/FreeRTOS/timers.o
 .bss.USBH_Thread_Atrr
                0x0000000020005f10       0x24 ./Middlewares/USB_Host_Library/usbh_core.o
                0x0000000020005f10                USBH_Thread_Atrr
 .bss.hUsbHostHS
                0x0000000020005f34      0x3e4 ./USB_HOST/App/usb_host.o
                0x0000000020005f34                hUsbHostHS
 .bss.Appli_state
                0x0000000020006318        0x1 ./USB_HOST/App/usb_host.o
                0x0000000020006318                Appli_state
 *fill*         0x0000000020006319        0x3 
 .bss.hhcd_USB_OTG_HS
                0x000000002000631c      0x3e0 ./USB_HOST/Target/usbh_conf.o
                0x000000002000631c                hhcd_USB_OTG_HS
 .bss.__malloc_free_list
                0x00000000200066fc        0x4 C:/ST/STM32CubeIDE_1.10.1/STM32CubeIDE/plugins/com.st.stm32cube.ide.mcu.externaltools.gnu-tools-for-stm32.11.3.rel1.win32_1.1.100.202309141235/tools/bin/../lib/gcc/arm-none-eabi/11.3.1/../../../../arm-none-eabi/lib/thumb/v7e-m+fp/hard\libc_nano.a(libc_a-mallocr.o)
                0x00000000200066fc                __malloc_free_list
 .bss.__malloc_sbrk_start
                0x0000000020006700        0x4 C:/ST/STM32CubeIDE_1.10.1/STM32CubeIDE/plugins/com.st.stm32cube.ide.mcu.externaltools.gnu-tools-for-stm32.11.3.rel1.win32_1.1.100.202309141235/tools/bin/../lib/gcc/arm-none-eabi/11.3.1/../../../../arm-none-eabi/lib/thumb/v7e-m+fp/hard\libc_nano.a(libc_a-mallocr.o)
                0x0000000020006700                __malloc_sbrk_start
 .bss.__sf      0x0000000020006704      0x138 C:/ST/STM32CubeIDE_1.10.1/STM32CubeIDE/plugins/com.st.stm32cube.ide.mcu.externaltools.gnu-tools-for-stm32.11.3.rel1.win32_1.1.100.202309141235/tools/bin/../lib/gcc/arm-none-eabi/11.3.1/../../../../arm-none-eabi/lib/thumb/v7e-m+fp/hard\libc_nano.a(libc_a-findfp.o)
                0x0000000020006704                __sf
 .bss.errno     0x000000002000683c        0x4 C:/ST/STM32CubeIDE_1.10.1/STM32CubeIDE/plugins/com.st.stm32cube.ide.mcu.externaltools.gnu-tools-for-stm32.11.3.rel1.win32_1.1.100.202309141235/tools/bin/../lib/gcc/arm-none-eabi/11.3.1/../../../../arm-none-eabi/lib/thumb/v7e-m+fp/hard\libc_nano.a(libc_a-reent.o)
                0x000000002000683c                errno
 .bss.__lock___malloc_recursive_mutex
                0x0000000020006840        0x1 C:/ST/STM32CubeIDE_1.10.1/STM32CubeIDE/plugins/com.st.stm32cube.ide.mcu.externaltools.gnu-tools-for-stm32.11.3.rel1.win32_1.1.100.202309141235/tools/bin/../lib/gcc/arm-none-eabi/11.3.1/../../../../arm-none-eabi/lib/thumb/v7e-m+fp/hard\libc_nano.a(libc_a-lock.o)
                0x0000000020006840                __lock___malloc_recursive_mutex
 *(COMMON)
                0x0000000020006844                . = ALIGN (0x4)
 *fill*         0x0000000020006841        0x3 
                0x0000000020006844                _ebss = .
                0x0000000020006844                __bss_end__ = _ebss

._user_heap_stack
                0x0000000020006844      0x604
                0x0000000020006848                . = ALIGN (0x8)
 *fill*         0x0000000020006844        0x4 
                [!provide]                        PROVIDE (end = .)
                0x0000000020006848                PROVIDE (_end = .)
                0x0000000020006a48                . = (. + _Min_Heap_Size)
 *fill*         0x0000000020006848      0x200 
                0x0000000020006e48                . = (. + _Min_Stack_Size)
 *fill*         0x0000000020006a48      0x400 
                0x0000000020006e48                . = ALIGN (0x8)

/DISCARD/
 libc.a(*)
 libm.a(*)
 libgcc.a(*)

.ARM.attributes
                0x0000000000000000       0x30
 *(.ARM.attributes)
 .ARM.attributes
                0x0000000000000000       0x1e C:/ST/STM32CubeIDE_1.10.1/STM32CubeIDE/plugins/com.st.stm32cube.ide.mcu.externaltools.gnu-tools-for-stm32.11.3.rel1.win32_1.1.100.202309141235/tools/bin/../lib/gcc/arm-none-eabi/11.3.1/thumb/v7e-m+fp/hard/crti.o
 .ARM.attributes
                0x000000000000001e       0x34 C:/ST/STM32CubeIDE_1.10.1/STM32CubeIDE/plugins/com.st.stm32cube.ide.mcu.externaltools.gnu-tools-for-stm32.11.3.rel1.win32_1.1.100.202309141235/tools/bin/../lib/gcc/arm-none-eabi/11.3.1/thumb/v7e-m+fp/hard/crtbegin.o
 .ARM.attributes
                0x0000000000000052       0x34 ./Core/Src/main.o
 .ARM.attributes
                0x0000000000000086       0x34 ./Core/Src/stm32f4xx_hal_msp.o
 .ARM.attributes
                0x00000000000000ba       0x34 ./Core/Src/stm32f4xx_hal_timebase_tim.o
 .ARM.attributes
                0x00000000000000ee       0x34 ./Core/Src/stm32f4xx_it.o
 .ARM.attributes
                0x0000000000000122       0x34 ./Core/Src/sysmem.o
 .ARM.attributes
                0x0000000000000156       0x34 ./Core/Src/system_stm32f4xx.o
 .ARM.attributes
                0x000000000000018a       0x21 ./Core/Startup/startup_stm32f429zitx.o
 .ARM.attributes