../Middlewares/STM32F429I-DISC1-LCD/pantallaLCD/pantallaLCD.c:25:6:LCD_inicializa2Buffers	16	static
../Middlewares/STM32F429I-DISC1-LCD/pantallaLCD/pantallaLCD.c:56:10:LCD_ancho	4	static
../Middlewares/STM32F429I-DISC1-LCD/pantallaLCD/pantallaLCD.c:64:10:LCD_alto	4	static
../Middlewares/STM32F429I-DISC1-LCD/pantallaLCD/pantallaLCD.c:72:5:LCD_pulsando	4	static
../Middlewares/STM32F429I-DISC1-LCD/pantallaLCD/pantallaLCD.c:80:6:LCD_resetPulsacion	4	static
../Middlewares/STM32F429I-DISC1-LCD/pantallaLCD/pantallaLCD.c:86:10:LCD_xPulsacion	4	static
../Middlewares/STM32F429I-DISC1-LCD/pantallaLCD/pantallaLCD.c:94:10:LCD_yPulsacion	4	static
../Middlewares/STM32F429I-DISC1-LCD/pantallaLCD/pantallaLCD.c:102:6:LCD_actualizaPulsacion	16	static
../Middlewares/STM32F429I-DISC1-LCD/pantallaLCD/pantallaLCD.c:123:6:LCD_setFondoColor	24	static
../Middlewares/STM32F429I-DISC1-LCD/pantallaLCD/pantallaLCD.c:132:6:LCD_setFondoImagen	24	static
../Middlewares/STM32F429I-DISC1-LCD/pantallaLCD/pantallaLCD.c:141:6:LCD_intercambiaBuffers	8	static
../Middlewares/STM32F429I-DISC1-LCD/pantallaLCD/pantallaLCD.c:158:6:LCD_dibujaPunto	40	static
../Middlewares/STM32F429I-DISC1-LCD/pantallaLCD/pantallaLCD.c:217:6:LCD_dibujaPuntoOpaco	16	static
../Middlewares/STM32F429I-DISC1-LCD/pantallaLCD/pantallaLCD.c:229:6:LCD_dibujaRectangulo	40	static
../Middlewares/STM32F429I-DISC1-LCD/pantallaLCD/pantallaLCD.c:249:6:LCD_dibujaRectanguloRelleno	40	static
../Middlewares/STM32F429I-DISC1-LCD/pantallaLCD/pantallaLCD.c:265:6:LCD_dibujaRectanguloRellenoOpaco	56	static
../Middlewares/STM32F429I-DISC1-LCD/pantallaLCD/pantallaLCD.c:294:6:LCD_dibujaLinea	56	static
../Middlewares/STM32F429I-DISC1-LCD/pantallaLCD/pantallaLCD.c:317:13:dibujaPuntosCircunferencia	32	static
../Middlewares/STM32F429I-DISC1-LCD/pantallaLCD/pantallaLCD.c:332:6:LCD_dibujaCircunferencia	56	static
../Middlewares/STM32F429I-DISC1-LCD/pantallaLCD/pantallaLCD.c:355:13:dibujaPuntosCirculo	48	static
../Middlewares/STM32F429I-DISC1-LCD/pantallaLCD/pantallaLCD.c:366:6:LCD_dibujaCirculo	56	static
../Middlewares/STM32F429I-DISC1-LCD/pantallaLCD/pantallaLCD.c:389:6:LCD_dibujaImagen	40	static
../Middlewares/STM32F429I-DISC1-LCD/pantallaLCD/pantallaLCD.c:409:6:LCD_dibujaImagenOpaca	48	static
../Middlewares/STM32F429I-DISC1-LCD/pantallaLCD/pantallaLCD.c:438:6:LCD_dibujaCaracterAlpha	56	static
../Middlewares/STM32F429I-DISC1-LCD/pantallaLCD/pantallaLCD.c:463:10:LCD_anchoCaracterAlpha	16	static
../Middlewares/STM32F429I-DISC1-LCD/pantallaLCD/pantallaLCD.c:471:10:LCD_anchoCadenaCaracteresAlpha	32	static
../Middlewares/STM32F429I-DISC1-LCD/pantallaLCD/pantallaLCD.c:489:6:LCD_dibujaCadenaCaracteresAlpha	56	static
