../Core/Src/main.c:115:5:main	8	static
../Core/Src/main.c:205:6:SystemClock_Config	88	static
../Core/Src/main.c:248:13:MX_CRC_Init	8	static
../Core/Src/main.c:271:13:MX_DMA2D_Init	8	static
../Core/Src/main.c:304:13:MX_I2C3_Init	8	static
../Core/Src/main.c:347:13:MX_LTDC_Init	64	static
../Core/Src/main.c:405:13:MX_SPI5_Init	8	static
../Core/Src/main.c:440:13:MX_TIM1_Init	32	static
../Core/Src/main.c:481:13:MX_USART1_UART_Init	8	static
../Core/Src/main.c:507:13:MX_FMC_Init	40	static
../Core/Src/main.c:556:13:MX_GPIO_Init	64	static
../Core/Src/main.c:637:6:funcionBarra1	16	static
../Core/Src/main.c:642:6:funcionBoton1Act	16	static
../Core/Src/main.c:647:6:funcionBoton1Des	16	static
../Core/Src/main.c:653:6:funcionBoton2Act	16	static
../Core/Src/main.c:658:6:funcionBoton2Des	16	static
../Core/Src/main.c:664:6:funcionInterruptor1	24	static
../Core/Src/main.c:672:6:funcionBoton	16	static
../Core/Src/main.c:685:6:StartDefaultTask	424	static
../Core/Src/main.c:792:6:fTareaPantalla	16	static
../Core/Src/main.c:810:6:HAL_TIM_PeriodElapsedCallback	16	static
../Core/Src/main.c:826:6:Error_Handler	4	static,ignoring_inline_asm
