../Core/Src/pantallaLCD.c:26:6:LCD_inicializa2Buffers	16	static
../Core/Src/pantallaLCD.c:51:5:LCD_SentidoHorizontal	4	static
../Core/Src/pantallaLCD.c:55:5:Get_bufferOculto	4	static
../Core/Src/pantallaLCD.c:59:6:Set_buffreOculto	16	static
../Core/Src/pantallaLCD.c:63:10:LCD_ancho	4	static
../Core/Src/pantallaLCD.c:68:10:LCD_alto	4	static
../Core/Src/pantallaLCD.c:73:5:LCD_pulsada	4	static
../Core/Src/pantallaLCD.c:81:6:LCD_resetPulsacion	4	static
../Core/Src/pantallaLCD.c:86:10:LCD_xPulsacion	8	static
../Core/Src/pantallaLCD.c:94:10:LCD_yPulsacion	8	static
../Core/Src/pantallaLCD.c:101:6:LCD_actualizaPulsacion	16	static
../Core/Src/pantallaLCD.c:116:6:LCD_setFondoColor	24	static
../Core/Src/pantallaLCD.c:124:6:LCD_setFondoImagen	24	static
../Core/Src/pantallaLCD.c:132:6:LCD_intercambiaBuffers	8	static
../Core/Src/pantallaLCD.c:150:6:LCD_intercambiaBuffers2	8	static
../Core/Src/pantallaLCD.c:165:6:LCD_dibujaPunto	40	static
../Core/Src/pantallaLCD.c:224:6:LCD_dibujaPuntoOpaco	16	static
../Core/Src/pantallaLCD.c:232:6:LCD_dibujaRectangulo	40	static
../Core/Src/pantallaLCD.c:252:6:LCD_dibujaRectanguloRelleno	40	static
../Core/Src/pantallaLCD.c:267:6:LCD_dibujaRectanguloRellenoOpaco	40	static
../Core/Src/pantallaLCD.c:284:6:LCD_dibujaCuadrado	48	static
../Core/Src/pantallaLCD.c:290:6:LCD_dibujaLinea	56	static
../Core/Src/pantallaLCD.c:313:13:dibujaPuntosCircunferencia	32	static
../Core/Src/pantallaLCD.c:328:6:LCD_dibujaCircunferencia	56	static
../Core/Src/pantallaLCD.c:350:13:dibujaPuntosCirculo	48	static
../Core/Src/pantallaLCD.c:361:6:LCD_dibujaCirculo	56	static
../Core/Src/pantallaLCD.c:383:6:LCD_dibujaImagen	40	static
../Core/Src/pantallaLCD.c:404:6:LCD_dibujaImagenOpaca	32	static
../Core/Src/pantallaLCD.c:424:6:LCD_dibujaCaracterAlpha	56	static
../Core/Src/pantallaLCD.c:460:10:LCD_anchoCaracterAlpha	24	static
../Core/Src/pantallaLCD.c:471:10:LCD_anchoCadenaCaracteresAlpha	40	static
../Core/Src/pantallaLCD.c:537:6:LCD_dibujaCadenaCaracteresAlpha	96	static
