../Middlewares/STM32F429I-DISC1-LCD/interfazLCD/interfazLCD.c:8:6:LCD_inicializaEtiqueta	24	static
../Middlewares/STM32F429I-DISC1-LCD/interfazLCD/interfazLCD.c:31:6:LCD_setVisibilidadEtiqueta	16	static
../Middlewares/STM32F429I-DISC1-LCD/interfazLCD/interfazLCD.c:36:6:LCD_setHabilitacionEtiqueta	16	static
../Middlewares/STM32F429I-DISC1-LCD/interfazLCD/interfazLCD.c:41:6:LCD_setTextoEtiqueta	16	static
../Middlewares/STM32F429I-DISC1-LCD/interfazLCD/interfazLCD.c:49:6:LCD_setColorTextoEtiqueta	16	static
../Middlewares/STM32F429I-DISC1-LCD/interfazLCD/interfazLCD.c:54:6:LCD_setColorFondoEtiqueta	16	static
../Middlewares/STM32F429I-DISC1-LCD/interfazLCD/interfazLCD.c:62:6:LCD_setAlineacionEtiqueta	16	static
../Middlewares/STM32F429I-DISC1-LCD/interfazLCD/interfazLCD.c:67:6:LCD_atiendeEtiqueta	64	static
../Middlewares/STM32F429I-DISC1-LCD/interfazLCD/interfazLCD.c:97:6:LCD_inicializaImagen	16	static
../Middlewares/STM32F429I-DISC1-LCD/interfazLCD/interfazLCD.c:108:6:LCD_setImagen	16	static
../Middlewares/STM32F429I-DISC1-LCD/interfazLCD/interfazLCD.c:112:6:LCD_setPosicionImagen	16	static
../Middlewares/STM32F429I-DISC1-LCD/interfazLCD/interfazLCD.c:117:6:LCD_setVisibilidadImagen	16	static
../Middlewares/STM32F429I-DISC1-LCD/interfazLCD/interfazLCD.c:121:6:LCD_setHabilitacionImagen	16	static
../Middlewares/STM32F429I-DISC1-LCD/interfazLCD/interfazLCD.c:125:6:LCD_atiendeImagen	48	static
../Middlewares/STM32F429I-DISC1-LCD/interfazLCD/interfazLCD.c:145:6:LCD_inicializaBoton	24	static
../Middlewares/STM32F429I-DISC1-LCD/interfazLCD/interfazLCD.c:188:6:LCD_setVisibilidadBoton	16	static
../Middlewares/STM32F429I-DISC1-LCD/interfazLCD/interfazLCD.c:196:6:LCD_setHabilitacionBoton	16	static
../Middlewares/STM32F429I-DISC1-LCD/interfazLCD/interfazLCD.c:204:6:LCD_setTextoBoton	24	static
../Middlewares/STM32F429I-DISC1-LCD/interfazLCD/interfazLCD.c:211:6:LCD_setColorTextoBoton	16	static
../Middlewares/STM32F429I-DISC1-LCD/interfazLCD/interfazLCD.c:216:6:LCD_setImagenBoton	16	static
../Middlewares/STM32F429I-DISC1-LCD/interfazLCD/interfazLCD.c:221:6:LCD_atiendeBoton	56	static
../Middlewares/STM32F429I-DISC1-LCD/interfazLCD/interfazLCD.c:272:6:LCD_inicializaInterruptor	16	static
../Middlewares/STM32F429I-DISC1-LCD/interfazLCD/interfazLCD.c:307:6:LCD_setHabilitacionInterruptor	16	static
../Middlewares/STM32F429I-DISC1-LCD/interfazLCD/interfazLCD.c:315:6:LCD_setVisibilidadInterruptor	16	static
../Middlewares/STM32F429I-DISC1-LCD/interfazLCD/interfazLCD.c:323:6:LCD_atiendeInterruptor	56	static
../Middlewares/STM32F429I-DISC1-LCD/interfazLCD/interfazLCD.c:374:5:LCD_getEstadoInterruptor	16	static
../Middlewares/STM32F429I-DISC1-LCD/interfazLCD/interfazLCD.c:381:6:LCD_setEstadoInterruptor	16	static
../Middlewares/STM32F429I-DISC1-LCD/interfazLCD/interfazLCD.c:396:6:LCD_inicializaBarra	24	static
../Middlewares/STM32F429I-DISC1-LCD/interfazLCD/interfazLCD.c:436:6:LCD_setVisibilidadBarra	16	static
../Middlewares/STM32F429I-DISC1-LCD/interfazLCD/interfazLCD.c:443:6:LCD_setColorTextoBarra	16	static
../Middlewares/STM32F429I-DISC1-LCD/interfazLCD/interfazLCD.c:449:6:LCD_setColorBarra	16	static
../Middlewares/STM32F429I-DISC1-LCD/interfazLCD/interfazLCD.c:455:6:LCD_setColorFondoBarra	16	static
../Middlewares/STM32F429I-DISC1-LCD/interfazLCD/interfazLCD.c:461:6:LCD_setValorBarra	16	static
../Middlewares/STM32F429I-DISC1-LCD/interfazLCD/interfazLCD.c:467:6:LCD_atiendeBarra	96	static
../Middlewares/STM32F429I-DISC1-LCD/interfazLCD/interfazLCD.c:500:6:LCD_inicializaEditor	40	static
../Middlewares/STM32F429I-DISC1-LCD/interfazLCD/interfazLCD.c:530:7:LCD_getValorEditor	16	static
../Middlewares/STM32F429I-DISC1-LCD/interfazLCD/interfazLCD.c:535:6:LCD_setValorEditor	16	static
../Middlewares/STM32F429I-DISC1-LCD/interfazLCD/interfazLCD.c:540:6:LCD_atiendeEditor	88	static
